[    0.000000] Initializing cgroup subsys cpuset
[    0.000000] Initializing cgroup subsys cpu
[    0.000000] Initializing cgroup subsys cpuacct
[    0.000000] Linux version 4.4.0-173-generic (buildd@lgw01-amd64-037) (gcc version 5.4.0 20160609 (Ubuntu 5.4.0-6ubuntu1~16.04.12) ) #203-Ubuntu SMP Wed Jan 15 02:55:01 UTC 2020 (Ubuntu 4.4.0-173.203-generic 4.4.208)
[    0.000000] Command line: BOOT_IMAGE=/boot/vmlinuz-4.4.0-173-generic root=LABEL=cloudimg-rootfs ro console=tty1 console=ttyS0
[    0.000000] KERNEL supported cpus:
[    0.000000]   Intel GenuineIntel
[    0.000000]   AMD AuthenticAMD
[    0.000000]   Centaur CentaurHauls
[    0.000000] x86/fpu: xstate_offset[2]:  576, xstate_sizes[2]:  256
[    0.000000] x86/fpu: Supporting XSAVE feature 0x01: 'x87 floating point registers'
[    0.000000] x86/fpu: Supporting XSAVE feature 0x02: 'SSE registers'
[    0.000000] x86/fpu: Supporting XSAVE feature 0x04: 'AVX registers'
[    0.000000] x86/fpu: Enabled xstate features 0x7, context size is 832 bytes, using 'standard' format.
[    0.000000] e820: BIOS-provided physical RAM map:
[    0.000000] BIOS-e820: [mem 0x0000000000000000-0x000000000009fbff] usable
[    0.000000] BIOS-e820: [mem 0x000000000009fc00-0x000000000009ffff] reserved
[    0.000000] BIOS-e820: [mem 0x00000000000f0000-0x00000000000fffff] reserved
[    0.000000] BIOS-e820: [mem 0x0000000000100000-0x000000003ffeffff] usable
[    0.000000] BIOS-e820: [mem 0x000000003fff0000-0x000000003fffffff] ACPI data
[    0.000000] BIOS-e820: [mem 0x00000000fec00000-0x00000000fec00fff] reserved
[    0.000000] BIOS-e820: [mem 0x00000000fee00000-0x00000000fee00fff] reserved
[    0.000000] BIOS-e820: [mem 0x00000000fffc0000-0x00000000ffffffff] reserved
[    0.000000] NX (Execute Disable) protection: active
[    0.000000] SMBIOS 2.5 present.
[    0.000000] Hypervisor detected: KVM
[    0.000000] e820: last_pfn = 0x3fff0 max_arch_pfn = 0x400000000
[    0.000000] MTRR: Disabled
[    0.000000] x86/PAT: MTRRs disabled, skipping PAT initialization too.
[    0.000000] CPU MTRRs all blank - virtualized system.
[    0.000000] x86/PAT: Configuration [0-7]: WB  WT  UC- UC  WB  WT  UC- UC  
[    0.000000] found SMP MP-table at [mem 0x0009fff0-0x0009ffff] mapped at [ffff88000009fff0]
[    0.000000] Scanning 1 areas for low memory corruption
[    0.000000] RAMDISK: [mem 0x362e4000-0x37169fff]
[    0.000000] ACPI: Early table checksum verification disabled
[    0.000000] ACPI: RSDP 0x00000000000E0000 000024 (v02 VBOX  )
[    0.000000] ACPI: XSDT 0x000000003FFF0030 00003C (v01 VBOX   VBOXXSDT 00000001 ASL  00000061)
[    0.000000] ACPI: FACP 0x000000003FFF00F0 0000F4 (v04 VBOX   VBOXFACP 00000001 ASL  00000061)
[    0.000000] ACPI: DSDT 0x000000003FFF0470 0022EA (v02 VBOX   VBOXBIOS 00000002 INTL 20100528)
[    0.000000] ACPI: FACS 0x000000003FFF0200 000040
[    0.000000] ACPI: FACS 0x000000003FFF0200 000040
[    0.000000] ACPI: APIC 0x000000003FFF0240 00005C (v02 VBOX   VBOXAPIC 00000001 ASL  00000061)
[    0.000000] ACPI: SSDT 0x000000003FFF02A0 0001CC (v01 VBOX   VBOXCPUT 00000002 INTL 20100528)
[    0.000000] No NUMA configuration found
[    0.000000] Faking a node at [mem 0x0000000000000000-0x000000003ffeffff]
[    0.000000] NODE_DATA(0) allocated [mem 0x3ffeb000-0x3ffeffff]
[    0.000000] kvm-clock: Using msrs 4b564d01 and 4b564d00
[    0.000000] kvm-clock: cpu 0, msr 0:3ffe3001, primary cpu clock
[    0.000000] kvm-clock: using sched offset of 3835996269 cycles
[    0.000000] clocksource: kvm-clock: mask: 0xffffffffffffffff max_cycles: 0x1cd42e4dffb, max_idle_ns: 881590591483 ns
[    0.000000] Zone ranges:
[    0.000000]   DMA      [mem 0x0000000000001000-0x0000000000ffffff]
[    0.000000]   DMA32    [mem 0x0000000001000000-0x000000003ffeffff]
[    0.000000]   Normal   empty
[    0.000000]   Device   empty
[    0.000000] Movable zone start for each node
[    0.000000] Early memory node ranges
[    0.000000]   node   0: [mem 0x0000000000001000-0x000000000009efff]
[    0.000000]   node   0: [mem 0x0000000000100000-0x000000003ffeffff]
[    0.000000] Initmem setup node 0 [mem 0x0000000000001000-0x000000003ffeffff]
[    0.000000] ACPI: PM-Timer IO Port: 0x4008
[    0.000000] IOAPIC[0]: apic_id 2, version 32, address 0xfec00000, GSI 0-23
[    0.000000] ACPI: INT_SRC_OVR (bus 0 bus_irq 0 global_irq 2 dfl dfl)
[    0.000000] ACPI: INT_SRC_OVR (bus 0 bus_irq 9 global_irq 9 low level)
[    0.000000] Using ACPI (MADT) for SMP configuration information
[    0.000000] smpboot: Allowing 2 CPUs, 0 hotplug CPUs
[    0.000000] PM: Registered nosave memory: [mem 0x00000000-0x00000fff]
[    0.000000] PM: Registered nosave memory: [mem 0x0009f000-0x0009ffff]
[    0.000000] PM: Registered nosave memory: [mem 0x000a0000-0x000effff]
[    0.000000] PM: Registered nosave memory: [mem 0x000f0000-0x000fffff]
[    0.000000] e820: [mem 0x40000000-0xfebfffff] available for PCI devices
[    0.000000] Booting paravirtualized kernel on KVM
[    0.000000] clocksource: refined-jiffies: mask: 0xffffffff max_cycles: 0xffffffff, max_idle_ns: 7645519600211568 ns
[    0.000000] setup_percpu: NR_CPUS:512 nr_cpumask_bits:512 nr_cpu_ids:2 nr_node_ids:1
[    0.000000] PERCPU: Embedded 33 pages/cpu @ffff88003fc00000 s95448 r8192 d31528 u1048576
[    0.000000] Built 1 zonelists in Node order, mobility grouping on.  Total pages: 257912
[    0.000000] Policy zone: DMA32
[    0.000000] Kernel command line: BOOT_IMAGE=/boot/vmlinuz-4.4.0-173-generic root=LABEL=cloudimg-rootfs ro console=tty1 console=ttyS0
[    0.000000] PID hash table entries: 4096 (order: 3, 32768 bytes)
[    0.000000] Memory: 997680K/1048120K available (8626K kernel code, 1336K rwdata, 4032K rodata, 1488K init, 1292K bss, 50440K reserved, 0K cma-reserved)
[    0.000000] SLUB: HWalign=64, Order=0-3, MinObjects=0, CPUs=2, Nodes=1
[    0.000000] Kernel/User page tables isolation: enabled
[    0.000000] Hierarchical RCU implementation.
[    0.000000] 	Build-time adjustment of leaf fanout to 64.
[    0.000000] 	RCU restricting CPUs from NR_CPUS=512 to nr_cpu_ids=2.
[    0.000000] RCU: Adjusting geometry for rcu_fanout_leaf=64, nr_cpu_ids=2
[    0.000000] NR_IRQS:33024 nr_irqs:440 16
[    0.000000] Console: colour VGA+ 80x25
[    0.000000] console [tty1] enabled
[    0.000000] console [ttyS0] enabled
[    0.000000] tsc: Detected 2593.994 MHz processor
[    0.176889] Calibrating delay loop (skipped) preset value.. 5187.98 BogoMIPS (lpj=10375976)
[    0.179123] pid_max: default: 32768 minimum: 301
[    0.180268] ACPI: Core revision 20150930
[    0.182772] ACPI: 2 ACPI AML tables successfully acquired and loaded
[    0.184688] Security Framework initialized
[    0.185795] Yama: becoming mindful.
[    0.186706] AppArmor: AppArmor initialized
[    0.187793] Dentry cache hash table entries: 131072 (order: 8, 1048576 bytes)
[    0.191568] Inode-cache hash table entries: 65536 (order: 7, 524288 bytes)
[    0.193264] Mount-cache hash table entries: 2048 (order: 2, 16384 bytes)
[    0.194718] Mountpoint-cache hash table entries: 2048 (order: 2, 16384 bytes)
[    0.196488] Initializing cgroup subsys io
[    0.197461] Initializing cgroup subsys memory
[    0.198480] Initializing cgroup subsys devices
[    0.199513] Initializing cgroup subsys freezer
[    0.200868] Initializing cgroup subsys net_cls
[    0.202337] Initializing cgroup subsys perf_event
[    0.203512] Initializing cgroup subsys net_prio
[    0.204883] Initializing cgroup subsys hugetlb
[    0.205980] Initializing cgroup subsys pids
[    0.207965] mce: CPU supports 0 MCE banks
[    0.208944] Last level iTLB entries: 4KB 1024, 2MB 1024, 4MB 1024
[    0.211823] Last level dTLB entries: 4KB 1024, 2MB 1024, 4MB 1024, 1GB 4
[    0.213609] Spectre V1 : Mitigation: usercopy/swapgs barriers and __user pointer sanitization
[    0.215698] Spectre V2 : Mitigation: Full generic retpoline
[    0.217024] Spectre V2 : Spectre v2 / SpectreRSB mitigation: Filling RSB on context switch
[    0.219434] Speculative Store Bypass: Vulnerable
[    0.220832] MDS: Vulnerable: Clear CPU buffers attempted, no microcode
[    0.225066] Freeing SMP alternatives memory: 36K
[    0.232023] ftrace: allocating 32304 entries in 127 pages
[    0.287398] smpboot: APIC(0) Converting physical 0 to logical package 0
[    0.289142] smpboot: Max logical packages: 1
[    0.290380] x2apic enabled
[    0.291333] Switched APIC routing to physical x2apic.
[    0.293784] ..TIMER: vector=0x30 apic1=0 pin1=2 apic2=-1 pin2=-1
[    0.403270] smpboot: CPU0: Intel(R) Core(TM) i7-4960HQ CPU @ 2.60GHz (family: 0x6, model: 0x46, stepping: 0x1)
[    0.405941] Performance Events: unsupported p6 CPU model 70 no PMU driver, software events only.
[    0.417947] KVM setup paravirtual spinlock
[    0.419683] x86: Booting SMP configuration:
[    0.420726] .... node  #0, CPUs:      #1
[    0.421872] kvm-clock: cpu 1, msr 0:3ffe3041, secondary cpu clock
[    0.423945] mce: CPU supports 0 MCE banks
[    0.426700] x86: Booted up 1 node, 2 CPUs
[    0.428217] smpboot: Total of 2 processors activated (10375.97 BogoMIPS)
[    0.430259] devtmpfs: initialized
[    0.432376] evm: security.selinux
[    0.433302] evm: security.SMACK64
[    0.434341] evm: security.SMACK64EXEC
[    0.435415] evm: security.SMACK64TRANSMUTE
[    0.436439] evm: security.SMACK64MMAP
[    0.437337] evm: security.ima
[    0.438135] evm: security.capability
[    0.439348] clocksource: jiffies: mask: 0xffffffff max_cycles: 0xffffffff, max_idle_ns: 7645041785100000 ns
[    0.441832] futex hash table entries: 512 (order: 3, 32768 bytes)
[    0.443577] pinctrl core: initialized pinctrl subsystem
[    0.445030] RTC time:  0:34:28, date: 02/18/20
[    0.446314] NET: Registered protocol family 16
[    0.460165] cpuidle: using governor ladder
[    0.472172] cpuidle: using governor menu
[    0.473566] PCCT header not found.
[    0.474911] ACPI: bus type PCI registered
[    0.476333] acpiphp: ACPI Hot Plug PCI Controller Driver version: 0.5
[    0.478314] PCI: Using configuration type 1 for base access
[    0.492674] ACPI: Added _OSI(Module Device)
[    0.494217] ACPI: Added _OSI(Processor Device)
[    0.495702] ACPI: Added _OSI(3.0 _SCP Extensions)
[    0.497202] ACPI: Added _OSI(Processor Aggregator Device)
[    0.499459] ACPI: Executed 1 blocks of module-level executable AML code
[    0.503025] ACPI: Interpreter enabled
[    0.503977] ACPI: (supports S0 S5)
[    0.504812] ACPI: Using IOAPIC for interrupt routing
[    0.506036] PCI: Using host bridge windows from ACPI; if necessary, use "pci=nocrs" and report a bug
[    0.512129] ACPI: PCI Root Bridge [PCI0] (domain 0000 [bus 00-ff])
[    0.513599] acpi PNP0A03:00: _OSC: OS supports [ASPM ClockPM Segments MSI]
[    0.515518] acpi PNP0A03:00: _OSC: not requesting OS control; OS requires [ExtendedConfig ASPM ClockPM MSI]
[    0.517815] acpi PNP0A03:00: fail to add MMCONFIG information, can't access extended PCI configuration space under this bridge.
[    0.520832] PCI host bridge to bus 0000:00
[    0.522119] pci_bus 0000:00: root bus resource [io  0x0000-0x0cf7 window]
[    0.523786] pci_bus 0000:00: root bus resource [io  0x0d00-0xffff window]
[    0.525655] pci_bus 0000:00: root bus resource [mem 0x000a0000-0x000bffff window]
[    0.529203] pci_bus 0000:00: root bus resource [mem 0x40000000-0xfdffffff window]
[    0.531047] pci_bus 0000:00: root bus resource [bus 00-ff]
[    0.535295] pci 0000:00:01.1: legacy IDE quirk: reg 0x10: [io  0x01f0-0x01f7]
[    0.537113] pci 0000:00:01.1: legacy IDE quirk: reg 0x14: [io  0x03f6]
[    0.538674] pci 0000:00:01.1: legacy IDE quirk: reg 0x18: [io  0x0170-0x0177]
[    0.540576] pci 0000:00:01.1: legacy IDE quirk: reg 0x1c: [io  0x0376]
[    0.564876] pci 0000:00:07.0: quirk: [io  0x4000-0x403f] claimed by PIIX4 ACPI
[    0.566835] pci 0000:00:07.0: quirk: [io  0x4100-0x410f] claimed by PIIX4 SMB
[    0.578848] ACPI: PCI Interrupt Link [LNKA] (IRQs 5 9 10 *11)
[    0.581098] ACPI: PCI Interrupt Link [LNKB] (IRQs 5 9 *10 11)
[    0.582940] ACPI: PCI Interrupt Link [LNKC] (IRQs 5 *9 10 11)
[    0.584839] ACPI: PCI Interrupt Link [LNKD] (IRQs 5 9 10 *11)
[    0.586754] ACPI: Enabled 2 GPEs in block 00 to 07
[    0.588445] vgaarb: setting as boot device: PCI:0000:00:02.0
[    0.590238] vgaarb: device added: PCI:0000:00:02.0,decodes=io+mem,owns=io+mem,locks=none
[    0.592519] vgaarb: loaded
[    0.593306] vgaarb: bridge control possible 0000:00:02.0
[    0.594802] SCSI subsystem initialized
[    0.596088] ACPI: bus type USB registered
[    0.597187] usbcore: registered new interface driver usbfs
[    0.598557] usbcore: registered new interface driver hub
[    0.599857] usbcore: registered new device driver usb
[    0.601441] PCI: Using ACPI for IRQ routing
[    0.602998] NetLabel: Initializing
[    0.603977] NetLabel:  domain hash size = 128
[    0.605033] NetLabel:  protocols = UNLABELED CIPSOv4
[    0.607930] NetLabel:  unlabeled traffic allowed by default
[    0.609506] amd_nb: Cannot enumerate AMD northbridges
[    0.610759] clocksource: Switched to clocksource kvm-clock
[    0.619348] AppArmor: AppArmor Filesystem Enabled
[    0.620633] pnp: PnP ACPI init
[    0.622615] pnp: PnP ACPI: found 3 devices
[    0.633198] clocksource: acpi_pm: mask: 0xffffff max_cycles: 0xffffff, max_idle_ns: 2085701024 ns
[    0.635713] NET: Registered protocol family 2
[    0.637520] TCP established hash table entries: 8192 (order: 4, 65536 bytes)
[    0.639235] TCP bind hash table entries: 8192 (order: 5, 131072 bytes)
[    0.640960] TCP: Hash tables configured (established 8192 bind 8192)
[    0.642679] UDP hash table entries: 512 (order: 2, 16384 bytes)
[    0.644292] UDP-Lite hash table entries: 512 (order: 2, 16384 bytes)
[    0.645934] NET: Registered protocol family 1
[    0.647070] pci 0000:00:00.0: Limiting direct PCI/PCI transfers
[    0.648651] pci 0000:00:01.0: Activating ISA DMA hang workarounds
[    0.650789] Unpacking initramfs...
[    0.854725] Freeing initrd memory: 14872K
[    0.856083] clocksource: tsc: mask: 0xffffffffffffffff max_cycles: 0x256412811b4, max_idle_ns: 440795306987 ns
[    0.858654] platform rtc_cmos: registered platform RTC device (no PNP device found)
[    0.860659] Scanning for low memory corruption every 60 seconds
[    0.863058] audit: initializing netlink subsys (disabled)
[    0.864679] audit: type=2000 audit(1581986073.872:1): initialized
[    0.867251] Initialise system trusted keyring
[    0.868942] HugeTLB registered 2 MB page size, pre-allocated 0 pages
[    0.871896] zbud: loaded
[    0.873286] VFS: Disk quotas dquot_6.6.0
[    0.874431] VFS: Dquot-cache hash table entries: 512 (order 0, 4096 bytes)
[    0.876233] squashfs: version 4.0 (2009/01/31) Phillip Lougher
[    0.878095] fuse init (API version 7.23)
[    0.879860] Key type big_key registered
[    0.881151] Allocating IMA MOK and blacklist keyrings.
[    0.883873] Key type asymmetric registered
[    0.885318] Asymmetric key parser 'x509' registered
[    0.887263] Block layer SCSI generic (bsg) driver version 0.4 loaded (major 249)
[    0.889686] io scheduler noop registered
[    0.890727] io scheduler deadline registered (default)
[    0.892367] io scheduler cfq registered
[    0.893582] pci_hotplug: PCI Hot Plug PCI Core version: 0.5
[    0.894999] pciehp: PCI Express Hot Plug Controller Driver version: 0.4
[    0.896940] ACPI: AC Adapter [AC] (on-line)
[    0.898553] input: Power Button as /devices/LNXSYSTM:00/LNXPWRBN:00/input/input0
[    0.900496] ACPI: Power Button [PWRF]
[    0.901488] input: Sleep Button as /devices/LNXSYSTM:00/LNXSLPBN:00/input/input1
[    0.903367] ACPI: Sleep Button [SLPF]
[    0.904473] GHES: HEST is not enabled!
[    0.905549] ACPI: Battery Slot [BAT0] (battery present)
[    0.906986] Serial: 8250/16550 driver, 32 ports, IRQ sharing enabled
 	
 !"#$%&'()*+,-./0123456789:;<=>?@ABCDEFGHIJKLMNOPQRSTUVWXYZ[\]^_`abcdefghijklmnopqrstuvwxyz{|}~ÄÅÇÉÑÖÜáàâäãåçéèêëíìîïñóòôö¢£§•¶ß®©™´¨≠ÆØ∞±≤≥¥µ∂∑∏π∫ªºΩæø¿¡¬√ƒ≈∆«»… ÀÃÕŒœ–—“”‘’÷◊ÿŸ⁄€‹›ﬁﬂ‡·‚„‰ÂÊÁËÈÍÎÏÌÓÔÒÚÛÙıˆ˜¯˘˙˚¸˝˛ˇ[    0.932344] 00:02: ttyS0 at I/O 0x3f8 (irq = 4, base_baud = 115200) is a 16550A
[    0.939681] Linux agpgart interface v0.103
[    0.943830] loop: module loaded
[    0.945419] scsi host0: ata_piix
[    0.946448] scsi host1: ata_piix
[    0.947488] ata1: PATA max UDMA/33 cmd 0x1f0 ctl 0x3f6 bmdma 0xd000 irq 14
[    0.949618] ata2: PATA max UDMA/33 cmd 0x170 ctl 0x376 bmdma 0xd008 irq 15
[    0.951988] libphy: Fixed MDIO Bus: probed
[    0.953187] tun: Universal TUN/TAP device driver, 1.6
[    0.954413] tun: (C) 1999-2004 Max Krasnyansky <maxk@qualcomm.com>
[    0.956092] PPP generic driver version 2.4.2
[    0.957309] ehci_hcd: USB 2.0 'Enhanced' Host Controller (EHCI) Driver
[    0.958787] ehci-pci: EHCI PCI platform driver
[    0.959890] ehci-platform: EHCI generic platform driver
[    0.961279] ohci_hcd: USB 1.1 'Open' Host Controller (OHCI) Driver
[    0.962787] ohci-pci: OHCI PCI platform driver
[    0.964347] ohci-platform: OHCI generic platform driver
[    0.965701] uhci_hcd: USB Universal Host Controller Interface driver
[    0.968030] i8042: PNP: PS/2 Controller [PNP0303:PS2K,PNP0f03:PS2M] at 0x60,0x64 irq 1,12
[    0.971400] serio: i8042 KBD port at 0x60,0x64 irq 1
[    0.973119] serio: i8042 AUX port at 0x60,0x64 irq 12
[    0.975264] mousedev: PS/2 mouse device common for all mice
[    0.977078] input: AT Translated Set 2 keyboard as /devices/platform/i8042/serio0/input/input2
[    0.981382] rtc_cmos rtc_cmos: rtc core: registered rtc_cmos as rtc0
[    0.983517] rtc_cmos rtc_cmos: alarms up to one day, 114 bytes nvram
[    0.985389] i2c /dev entries driver
[    0.986358] device-mapper: uevent: version 1.0.3
[    0.987815] device-mapper: ioctl: 4.34.0-ioctl (2015-10-28) initialised: dm-devel@redhat.com
[    0.989825] ledtrig-cpu: registered to indicate activity on CPUs
[    0.991916] NET: Registered protocol family 10
[    0.993302] NET: Registered protocol family 17
[    0.994486] Key type dns_resolver registered
[    0.996458] registered taskstats version 1
[    0.997512] Loading compiled-in X.509 certificates
[    1.000358] Loaded X.509 cert 'Build time autogenerated kernel key: 4e6a82653c7e3a258f066f23f1954299de63b157'
[    1.003888] zswap: loaded using pool lzo/zbud
[    1.008086] Key type trusted registered
[    1.012831] Key type encrypted registered
[    1.013974] AppArmor: AppArmor sha1 policy hashing enabled
[    1.015450] ima: No TPM chip found, activating TPM-bypass!
[    1.016767] ima: Allocated hash algorithm: sha1
[    1.018082] evm: HMAC attrs: 0x1
[    1.019793]   Magic number: 8:353:557
[    1.020929] rtc_cmos rtc_cmos: setting system clock to 2020-02-18 00:34:28 UTC (1581986068)
[    1.023583] BIOS EDD facility v0.16 2004-Jun-25, 0 devices found
[    1.025284] EDD information not available.
[    1.108530] Freeing unused kernel memory: 1488K
[    1.109806] Write protecting the kernel read-only data: 14336k
[    1.111862] Freeing unused kernel memory: 1604K
[    1.113195] Freeing unused kernel memory: 64K
Loading, please wait...
starting version 229
[    1.127708] random: systemd-udevd: uninitialized urandom read (16 bytes read, 2 bits of entropy available)
[    1.128718] random: udevadm: uninitialized urandom read (16 bytes read, 2 bits of entropy available)
[    1.128734] random: udevadm: uninitialized urandom read (16 bytes read, 2 bits of entropy available)
[    1.136853] random: udevadm: uninitialized urandom read (16 bytes read, 2 bits of entropy available)
[    1.139097] random: udevadm: uninitialized urandom read (16 bytes read, 2 bits of entropy available)
[    1.141458] random: systemd-udevd: uninitialized urandom read (16 bytes read, 2 bits of entropy available)
[    1.143835] random: systemd-udevd: uninitialized urandom read (16 bytes read, 2 bits of entropy available)
[    1.146176] random: systemd-udevd: uninitialized urandom read (16 bytes read, 2 bits of entropy available)
[    1.147095] random: udevadm: uninitialized urandom read (16 bytes read, 2 bits of entropy available)
[    1.147140] random: udevadm: uninitialized urandom read (16 bytes read, 2 bits of entropy available)
[    1.180728] e1000: Intel(R) PRO/1000 Network Driver - version 7.3.21-k8-NAPI
[    1.182749] e1000: Copyright (c) 1999-2006 Intel Corporation.
[    1.188570] Fusion MPT base driver 3.04.20
[    1.189751] Copyright (c) 1999-2008 LSI Corporation
[    1.196462] Fusion MPT SPI Host driver 3.04.20
[    1.210354] AVX2 version of gcm_enc/dec engaged.
[    1.211816] AES CTR mode by8 optimization enabled
[    1.421788] input: ImExPS/2 Generic Explorer Mouse as /devices/platform/i8042/serio1/input/input4
[    2.144154] e1000 0000:00:03.0 eth0: (PCI:33MHz:32-bit) 02:0e:0c:9a:00:f0
[    2.145843] e1000 0000:00:03.0 eth0: Intel(R) PRO/1000 Network Connection
[    2.148053] mptbase: ioc0: Initiating bringup
[    2.891643] ioc0: LSI53C1030 A0: Capabilities={Initiator}
[    3.924619] scsi host2: ioc0: LSI53C1030 A0, FwRev=00000000h, Ports=1, MaxQ=256, IRQ=20
[    4.399958] scsi 2:0:0:0: Direct-Access     VBOX     HARDDISK         1.0  PQ: 0 ANSI: 5
[    4.402906] scsi target2:0:0: Beginning Domain Validation
[    4.406538] scsi target2:0:0: Domain Validation skipping write tests
[    4.408231] scsi target2:0:0: Ending Domain Validation
[    4.409609] scsi target2:0:0: asynchronous
[    4.411270] scsi 2:0:1:0: Direct-Access     VBOX     HARDDISK         1.0  PQ: 0 ANSI: 5
[    4.413253] scsi target2:0:1: Beginning Domain Validation
[    4.416196] scsi target2:0:1: Domain Validation skipping write tests
[    4.417637] scsi target2:0:1: Ending Domain Validation
[    4.418913] scsi target2:0:1: asynchronous
[    4.424936] sd 2:0:0:0: Attached scsi generic sg0 type 0
[    4.425206] sd 2:0:0:0: [sda] 20971520 512-byte logical blocks: (10.7 GB/10.0 GiB)
[    4.425328] sd 2:0:0:0: [sda] Write Protect is off
[    4.425409] sd 2:0:0:0: [sda] Incomplete mode parameter data
[    4.425410] sd 2:0:0:0: [sda] Assuming drive cache: write through
[    4.441245] sd 2:0:1:0: Attached scsi generic sg1 type 0
[    4.442754] sd 2:0:1:0: [sdb] 20480 512-byte logical blocks: (10.5 MB/10.0 MiB)
[    4.445020] sd 2:0:1:0: [sdb] Write Protect is off
[    4.446437] sd 2:0:1:0: [sdb] Incomplete mode parameter data
[    4.446867]  sda: sda1
[    4.448537] sd 2:0:1:0: [sdb] Assuming drive cache: write through
[    4.451844] sd 2:0:1:0: [sdb] Attached SCSI disk
[    4.452714] sd 2:0:0:0: [sda] Attached SCSI disk
[    4.885015] e1000 0000:00:08.0 eth1: (PCI:33MHz:32-bit) 08:00:27:1b:36:18
[    4.886727] e1000 0000:00:08.0 eth1: Intel(R) PRO/1000 Network Connection
[    4.889549] e1000 0000:00:03.0 enp0s3: renamed from eth0
[    4.907915] e1000 0000:00:08.0 enp0s8: renamed from eth1
Begin: Loading essential drivers ... [    6.191595] md: linear personality registered for level -1
[    6.199505] md: multipath personality registered for level -4
[    6.206275] md: raid0 personality registered for level 0
[    6.216521] md: raid1 personality registered for level 1
[    6.290840] raid6: sse2x1   gen()  9740 MB/s
[    6.358988] raid6: sse2x1   xor()  8277 MB/s
[    6.427308] raid6: sse2x2   gen() 14027 MB/s
[    6.494965] raid6: sse2x2   xor()  9018 MB/s
[    6.562773] raid6: sse2x4   gen() 15807 MB/s
[    6.631349] raid6: sse2x4   xor() 10968 MB/s
[    6.699009] raid6: avx2x1   gen() 20455 MB/s
[    6.767026] raid6: avx2x2   gen() 24523 MB/s
[    6.834941] raid6: avx2x4   gen() 26447 MB/s
[    6.836700] raid6: using algorithm avx2x4 gen() 26447 MB/s
[    6.838455] raid6: using avx2x2 recovery algorithm
[    6.840878] xor: automatically using best checksumming function:
[    6.879256]    avx       : 29829.000 MB/sec
[    6.881414] async_tx: api initialized (async)
[    6.891672] md: raid6 personality registered for level 6
[    6.893190] md: raid5 personality registered for level 5
[    6.894566] md: raid4 personality registered for level 4
[    6.902266] md: raid10 personality registered for level 10
done.
Begin: Running /scripts/init-premount ... done.
Begin: Mounting root file system ... Begin: Running /scripts/local-top ... done.
Begin: Running /scripts/local-premount ... [    6.931867] Btrfs loaded
Scanning for Btrfs filesystems
done.
Warning: fsck not present, so skipping root file system
[    6.954052] EXT4-fs (sda1): mounted filesystem with ordered data mode. Opts: (null)
done.
Begin: Running /scripts/local-bottom ... done.
Begin: Running /scripts/init-bottom ... done.
[    7.064881] systemd[1]: systemd 229 running in system mode. (+PAM +AUDIT +SELINUX +IMA +APPARMOR +SMACK +SYSVINIT +UTMP +LIBCRYPTSETUP +GCRYPT +GNUTLS +ACL +XZ -LZ4 +SECCOMP +BLKID +ELFUTILS +KMOD -IDN)
[    7.069035] systemd[1]: Detected virtualization oracle.
[    7.070245] systemd[1]: Detected architecture x86-64.

Welcome to [1mUbuntu 16.04.6 LTS[0m!

[    7.075246] systemd[1]: Set hostname to <ubuntu>.
[    7.080384] systemd[1]: Initializing machine ID from random generator.
[    7.081916] systemd[1]: Installed transient /etc/machine-id file.
[    7.209167] systemd[1]: Reached target System Time Synchronized.
[[0;32m  OK  [0m] Reached target System Time Synchronized.
[    7.212239] systemd[1]: Created slice System Slice.
[[0;32m  OK  [0m] Created slice System Slice.
[    7.214888] systemd[1]: Listening on LVM2 metadata daemon socket.
[[0;32m  OK  [0m] Listening on LVM2 metadata daemon socket.
[    7.217627] systemd[1]: Listening on udev Kernel Socket.
[[0;32m  OK  [0m] Listening on udev Kernel Socket.
[    7.227199] systemd[1]: Reached target User and Group Name Lookups.
[[0;32m  OK  [0m] Reached target User and Group Name Lookups.
[    7.229916] systemd[1]: Created slice User and Session Slice.
[[0;32m  OK  [0m] Created slice User and Session Slice.
[    7.232603] systemd[1]: Reached target Slices.
[[0;32m  OK  [0m] Reached target Slices.
[    7.234683] systemd[1]: Listening on Journal Socket.
[[0;32m  OK  [0m] Listening on Journal Socket.
[    7.247580] systemd[1]: Mounting Huge Pages File System...
         Mounting Huge Pages File System...
[    7.252088] systemd[1]: Mounting POSIX Message Queue File System...
         Mounting POSIX Message Queue File System...
[    7.263574] systemd[1]: Starting Remount Root and Kernel File Systems...
         Starting Remount Root and Kernel File Systems...
[    7.266213] systemd[1]: Listening on Journal Audit Socket.
[    7.267315] EXT4-fs (sda1): re-mounted. Opts: (null)
[[0;32m  OK  [0m] Listening on Journal Audit Socket.
[    7.271191] systemd[1]: Starting Create list of required static device nodes for the current kernel...
         Starting Create list of required st... nodes for the current kernel...
[    7.275278] systemd[1]: Started Forward Password Requests to Wall Directory Watch.
[[0;32m  OK  [0m] Started Forward Password Requests to Wall Directory Watch.
[    7.278420] systemd[1]: Listening on /dev/initctl Compatibility Named Pipe.
[[0;32m  OK  [0m] Listening on /dev/initctl Compatibility Named Pipe.
[    7.282051] systemd[1]: Starting Set console keymap...
         Starting Set console keymap...
[    7.284513] systemd[1]: Set up automount Arbitrary Executable File Formats File System Automount Point.
[[0;32m  OK  [0m] Set up automount Arbitrary Executab...ats File System Automount Point.
[    7.288675] systemd[1]: Listening on LVM2 poll daemon socket.
[[0;32m  OK  [0m] Listening on LVM2 poll daemon socket.
[    7.292948] systemd[1]: Starting Nameserver information manager...
         Starting Nameserver information manager...
[    7.303705] systemd[1]: Starting Uncomplicated firewall...
         Starting Uncomplicated firewall...
[    7.307138] systemd[1]: Listening on udev Control Socket.
[[0;32m  OK  [0m] Listening on udev Control Socket.
[    7.310550] systemd[1]: Listening on Syslog Socket.
[[0;32m  OK  [0m] Listening on Syslog Socket.
[    7.314116] systemd[1]: Listening on Journal Socket (/dev/log).
[[0;32m  OK  [0m] Listening on Journal Socket (/dev/log).
[    7.318246] systemd[1]: Starting Journal Service...
         Starting Journal Service...
[    7.327369] systemd[1]: Reached target Encrypted Volumes.
[[0;32m  OK  [0m] Reached target Encrypted Volumes.
[    7.331589] systemd[1]: Created slice system-serial\x2dgetty.slice.
[[0;32m  OK  [0m] Created slice system-serial\x2dgetty.slice.
[    7.336937] systemd[1]: Starting Load Kernel Modules...
         Starting Load Kernel Modules...
[    7.342681] systemd[1]: Mounting Debug File System...
         Mounting Debug File System...
[    7.346065] systemd[1]: Started Trigger resolvconf update for networkd DNS.
[[0;32m  OK  [0m] Started Trigger resolvconf update for networkd DNS.
[    7.353297] systemd[1]: Listening on Device-mapper event daemon FIFOs.
[[0;32m  OK  [0m] Listening on Device-mapper event daemon FIFOs.
[    7.357015] Loading iSCSI transport class v2.0-870.
[    7.363523] iscsi: registered transport (tcp)
[    7.379408] systemd[1]: Starting Monitoring of LVM2 mirrors, snapshots etc. using dmeventd or progress polling...
         Starting Monitoring of LVM2 mirrors... dmeventd or progress polling...
[    7.383181] systemd[1]: Reached target Swap.
[[0;32m  OK  [0m] Reached target Swap.
[    7.394594] systemd[1]: Mounted Debug File System.
[[0;32m  OK  [0m] Mounted Debug File System.
[    7.397255] systemd[1]: Mounted Huge Pages File System.
[[0;32m  OK  [0m] Mounted Huge Pages File System.
[    7.403212] iscsi: registered transport (iser)
[    7.407111] systemd[1]: Mounted POSIX Message Queue File System.
[[0;32m  OK  [0m] Mounted POSIX Message Queue File System.
[    7.410525] systemd[1]: Started Journal Service.
[[0;32m  OK  [0m] Started Journal Service.
[[0;32m  OK  [0m] Started Remount Root and Kernel File Systems.
[[0;32m  OK  [0m] Started Create list of required sta...ce nodes for the current kernel.
[[0;32m  OK  [0m] Started Set console keymap.
[[0;32m  OK  [0m] Started Uncomplicated firewall.
[[0;32m  OK  [0m] Started Load Kernel Modules.
[[0;32m  OK  [0m] Started Nameserver information manager.
[[0;32m  OK  [0m] Started LVM2 metadata daemon.
         Starting Apply Kernel Variables...
         Mounting FUSE Control File System...
         Starting Create Static Device Nodes in /dev...
         Starting udev Coldplug all Devices...
         Starting Load/Save Random Seed...
         Starting Flush Journal to Persistent Storage...
[[0;32m  OK  [0m] Mounted FUSE Control File System.
[[0;32m  OK  [0m] Started Load/Save Random Seed.
[[0;32m  OK  [0m] Started Apply Kernel Variables.
[[0;32m  OK  [0m] Started Flush Journal to Persistent Storage.
[[0;32m  OK  [0m] Started Create Static Device Nodes in /dev.
         Starting udev Kernel Device Manager...
[[0;32m  OK  [0m] Started udev Coldplug all Devices.
[[0;32m  OK  [0m] Started udev Kernel Device Manager.
[[0;32m  OK  [0m] Started Dispatch Password Requests to Console Directory Watch.
[[0;32m  OK  [0m] Started Monitoring of LVM2 mirrors,...ng dmeventd or progress polling.
[[0;32m  OK  [0m] Reached target Local File Systems (Pre).
[[0;32m  OK  [0m] Reached target Local File Systems.
         Starting Commit a transient machine-id on disk...
         Starting LSB: AppArmor initialization...
         Starting Tell Plymouth To Write Out Runtime Data...
         Starting Create Volatile Files and Directories...
         Starting Initial cloud-init job (pre-networking)...
         Starting Set console font and keymap...
[[0;32m  OK  [0m] Started Tell Plymouth To Write Out Runtime Data.
[[0;32m  OK  [0m] Started Create Volatile Files and Directories.
         Starting Update UTMP about System Boot/Shutdown...
[[0;32m  OK  [0m] Started Update UTMP about System Boot/Shutdown.
[[0;32m  OK  [0m] Started Commit a transient machine-id on disk.
[[0;32m  OK  [0m] Found device /dev/ttyS0.
[[0;32m  OK  [0m] Listening on Load/Save RF Kill Switch Status /dev/rfkill Watch.
[    8.498074] cloud-init[487]: Cloud-init v. 19.4-33-gbb4131a2-0ubuntu1~16.04.1 running 'init-local' at Tue, 18 Feb 2020 00:34:35 +0000. Up 8.11 seconds.
[[0;32m  OK  [0m] Started LSB: AppArmor initialization.
[[0;32m  OK  [0m] Started Initial cloud-init job (pre-networking).
[[0;32m  OK  [0m] Reached target Network (Pre).
         Starting Raise network interfaces...
[[0;32m  OK  [0m] Started Set console font and keymap.
[[0;32m  OK  [0m] Created slice system-getty.slice.
[[0;32m  OK  [0m] Started Raise network interfaces.
         Starting Initial cloud-init job (metadata service crawler)...
[[0;32m  OK  [0m] Reached target Network.
[    9.746403] cloud-init[960]: Cloud-init v. 19.4-33-gbb4131a2-0ubuntu1~16.04.1 running 'init' at Tue, 18 Feb 2020 00:34:37 +0000. Up 9.37 seconds.
[    9.749447] cloud-init[960]: ci-info: ++++++++++++++++++++++++++++++++++++Net device info+++++++++++++++++++++++++++++++++++++
[    9.751615] cloud-init[960]: ci-info: +--------+-------+------------------------+---------------+--------+-------------------+
[    9.753598] cloud-init[960]: ci-info: | Device |   Up  |        Address         |      Mask     | Scope  |     Hw-Address    |
[    9.756334] cloud-init[960]: ci-info: +--------+-------+------------------------+---------------+--------+-------------------+
[    9.760698] cloud-init[960]: ci-info: | enp0s3 |  True |       10.0.2.15        | 255.255.255.0 | global | 02:0e:0c:9a:00:f0 |
[    9.764388] cloud-init[960]: ci-info: | enp0s3 |  True | fe80::e:cff:fe9a:f0/64 |       .       |  link  | 02:0e:0c:9a:00:f0 |
[    9.767622] cloud-init[960]: ci-info: | enp0s8 | False |           .            |       .       |   .    | 08:00:27:1b:36:18 |
[    9.772735] cloud-init[960]: ci-info: |   lo   |  True |       127.0.0.1        |   255.0.0.0   |  host  |         .         |
[    9.775501] cloud-init[960]: ci-info: |   lo   |  True |        ::1/128         |       .       |  host  |         .         |
[    9.777849] cloud-init[960]: ci-info: +--------+-------+------------------------+---------------+--------+-------------------+
[    9.780733] cloud-init[960]: ci-info: +++++++++++++++++++++++++++Route IPv4 info++++++++++++++++++++++++++++
[    9.784717] cloud-init[960]: ci-info: +-------+-------------+----------+---------------+-----------+-------+
[    9.792509] cloud-init[960]: ci-info: | Route | Destination | Gateway  |    Genmask    | Interface | Flags |
[    9.794118] cloud-init[960]: ci-info: +-------+-------------+----------+---------------+-----------+-------+
[    9.806261] cloud-init[960]: ci-info: |   0   |   0.0.0.0   | 10.0.2.2 |    0.0.0.0    |   enp0s3  |   UG  |
[    9.807420] cloud-init[960]: ci-info: |   1   |   10.0.2.0  | 0.0.0.0  | 255.255.255.0 |   enp0s3  |   U   |
[    9.809161] cloud-init[960]: ci-info: +-------+-------------+----------+---------------+-----------+-------+
[    9.810518] cloud-init[960]: ci-info: +++++++++++++++++++Route IPv6 info+++++++++++++++++++
[    9.812012] cloud-init[960]: ci-info: +-------+-------------+---------+-----------+-------+
[    9.814102] cloud-init[960]: ci-info: | Route | Destination | Gateway | Interface | Flags |
[    9.815656] cloud-init[960]: ci-info: +-------+-------------+---------+-----------+-------+
[    9.817544] cloud-init[960]: ci-info: |   0   |  fe80::/64  |    ::   |   enp0s3  |   U   |
[    9.819405] cloud-init[960]: ci-info: |   3   |   ff00::/8  |    ::   |   enp0s3  |   U   |
[    9.821241] cloud-init[960]: ci-info: +-------+-------------+---------+-----------+-------+
[    9.823161] cloud-init[960]: Generating public/private rsa key pair.
[    9.824681] cloud-init[960]: Your identification has been saved in /etc/ssh/ssh_host_rsa_key.
[    9.826654] cloud-init[960]: Your public key has been saved in /etc/ssh/ssh_host_rsa_key.pub.
[    9.828517] cloud-init[960]: The key fingerprint is:
[    9.829725] cloud-init[960]: SHA256:H9mC3y3mj0ZUg34/7hpu1+LrHhsAfi6MO6CDYWuIsaQ root@ubuntu-xenial
[    9.831697] cloud-init[960]: The key's randomart image is:
[    9.832691] cloud-init[960]: +---[RSA 2048]----+
[    9.841244] cloud-init[960]: |             .   |
[    9.841521] cloud-init[960]: |            . o  |
[    9.841822] cloud-init[960]: |          .. . . |
[    9.842302] cloud-init[960]: |         o +o .  |
[[0;32m  OK  [0m] Started Initial cloud-init job (metadata service crawler).
[[0;32m  OK  [0m] Reached target Cloud-config availability.
[[0;32m  OK  [0m] Reached target System Initialization.
[[0;32m  OK  [0m] Listening on ACPID Listen Socket.
[    9.842511] cloud-init[960]: |        S =.+. . |
[    9.850748] cloud-init[960]: |..o   .  = *.o ..|
[    9.851761] cloud-init[960]: |+= + . .. =.=.= o|
[    9.852006] cloud-init[960]: |E + o   .. +o+o*.|
[    9.852753] cloud-init[960]: | .   .  .. .+B@+ |
[    9.852898] cloud-init[960]: +----[SHA256]-----+
         Starting LXD - unix socket.
[[    9.853662] cloud-init[960]: Generating public/private dsa key pair.
[    9.855364] cloud-init[960]: Your identification has been saved in /etc/ssh/ssh_host_dsa_key.
[    9.855720] cloud-init[960]: Your public key has been saved in /etc/ssh/ssh_host_dsa_key.pub.
[    9.855748] cloud-init[960]: The key fingerprint is:
[    9.855775] cloud-init[960]: SHA256:IjUqDfQv5mHV19TJxdfdEPkASKw921KNyRJSV5P23Os root@ubuntu-xenial
[    9.856354] cloud-init[960]: The key's randomart image is:
[    9.856730] cloud-init[960]: +---[DSA 1024]----+
[    9.859858] cloud-init[960]: |  .      +o.+==O=|
[    9.859956] cloud-init[960]: | . .   .. ++  O.*|
[    9.860235] cloud-init[960]: |  . . + .+.o.= =o|
[0;32m  OK  [0m] Listening on D-Bus System Message Bus Socket.
[    9.862274] cloud-init[960]: |   o = ...+ = . =|
[    9.865159] cloud-init[960]: |  . O o S  *    .|
[[0;32m  OK  [0m] Started Daily apt download activities.
[[    9.865249] cloud-init[960]: |   = + .  o .  . |
[    9.867119] cloud-init[960]: |    .      .  .  |
[    9.867634] cloud-init[960]: |               E |
[    9.868341] cloud-init[960]: |                 |
[0;32m  OK  [0m] Started Daily apt upgrade and clean activities.
         [    9.868574] cloud-init[960]: +----[SHA256]-----+
[    9.870514] cloud-init[960]: Generating public/private ecdsa key pair.
[    9.871800] cloud-init[960]: Your identification has been saved in /etc/ssh/ssh_host_ecdsa_key.
Starting Socket activation for snappy daemon.
[[0;32m  OK  [0m] Started Message of the Day.
[[0;32m  OK  [0m] Listening on UUID daemon activation socket.
[[0;32m  OK  [0m] Started Daily Cleanup of Temporary Directories.
[[0;32m  OK  [0m] Reached target Timers.
[    9.871985] cloud-init[960]: Your public key has been saved in /etc/ssh/ssh_host_ecdsa_key.pub.
[    9.886806] cloud-init[960]: The key fingerprint is:
[[0;32m  OK  [0m] Started ACPI Events Check.
[[0;32m  OK  [0m] Reached target Paths.
[[0;32m  OK  [0m] Reached target Network is Online.
[    9.895678] cloud-init[960]: SHA256:/o/5M80qbPN+GPLVbTjpFtqrUlRK4tgXMwUjTq3T4Ws root@ubuntu-xenial
[    9.901039] cloud-init[960]: The key's randomart image is:
[    9.909017] cloud-init[960]: +---[ECDSA 256]---+
[    9.917853]          Starting iSCSI initiator daemon (iscsid)...
[[0;32m  OK  [0m] Listening on LXD - unix socket.
cloud-init[960]: |          o.oo.  |
[[0;32m  OK  [0m] Listening on Socket activation for snappy daemon.
[[0;32m  OK  [0m] Reached target Sockets.
[[0;32m  OK  [0m] Reached target Basic System.
[    9.920983] cloud-init[960]: |         o..B..  |
[    9.924393] [[0;32m  OK  [0m] Started ACPI event daemon.
cloud-init[960]: |         +.* B   |
[    9.926680]          cloud-initStarting LSB: MD monitoring daemon...[960]: 
|        . = *    |
[    9.929301] cloud-init[960]: |        S  + . +.|
[    9.930447] cloud-init[960]: |       .  . E * +|
[    9.933754]          Starting Pollinate to seed the pseudo random number generator...
cloud-init[960]: |        .. = X + |
[    9.935726]          Starting Accounts Service...
cloud-init[960]: |         .*o* B  |
[    9.939516] cloud-init[960]: |         .+OBB.. |
         Starting /etc/rc.local Compatibility...
[    9.941865] cloud-init[960]: +----[SHA256]-----+
[[0;32m  OK  [0m] Started D-Bus System Message Bus.
[    9.946083] cloud-init[960]: Generating public/private ed25519 key pair.
[    9.950958] cloud-init[960]: Your identification has been saved in /etc/ssh/ssh_host_ed25519_key.
[    9.953649] cloud-init[960]: Your public key has been saved in /etc/ssh/ssh_host_ed25519_key.pub.
[    9.955553] cloud-init[960]: The key fingerprint is:
[    9.957159] cloud-init[960]: SHA256:3gXZFnOxpZFzQ9sZ+aHi/uJLx0DHmSDKCbI2m5ZKki0 root@ubuntu-xenial
[    9.959246] cloud-init[960]: The key's randomart image is:
[    9.960645] cloud-init[960]: +--[ED25519 256]--+
[    9.968602] cloud-init[960]: |   . .   . .o ==o|
[    9.969611] cloud-init[960]: |    o o o .oo+=O*|
[    9.970774] cloud-init[960]: |   +   +  o.o=+==|
[    9.972022] cloud-init[960]: | o. =     .+..  .|
[    9.980276] cloud-init[960]: |E..=    S ..o    |
         Starting Virtualbox guest utils...
[    9.988849] cloud-init[960]: |o.o    . . oo    |
         Starting Snappy daemon...
[   10.002965] cloud-init         Starting LSB: Record successful boot for GRUB...
[[0;32m  OK  [0m] Started Deferred execution scheduler.
[[0;32m  OK  [0m] Started Regular background program processing daemon.
         Starting System Logging Service...
         Starting LXD - container startup/shutdown...
[960]: | .      . o. o   |         Starting Login Service...
[[0;32m  OK  [0m] Started FUSE filesystem for LXC.
[[0;32m  OK  [0m] Started /etc/rc.local Compatibility.

         Starting Authenticate and Authorize Users to Run Privileged Tasks...
[[0;32m  OK  [0m] Started iSCSI initiator daemon (iscsid).
[   10.044814] cloud-init[960]: |          .o.    |
[   10.056374]          Starting Login to default iSCSI targets...
[[0;32m  OK  [0m] Started LSB: MD monitoring daemon.
[[0;32m  OK  [0m] Started Authenticate and Authorize Users to Run Privileged Tasks.
[[0;32m  OK  [0m] Started Login Service.
[[0;32m  OK  [0m] Started Unattended Upgrades Shutdown.
cloud-init[960]: |          .o+.   |[[0;32m  OK  [0m] Started Accounts Service.

[[0;32m  OK  [0m] Started Login to default iSCSI targets.
[[0;32m  OK  [0m] Reached target Remote File Systems (Pre).
[[0;32m  OK  [0m] Reached target Remote File Systems.
         Starting LSB: daemon to balance interrupts for SMP systems...
         Starting LSB: Set the CPU Frequency Scaling governor to "ondemand"...
         Starting Permit User Sessions...
         Starting LSB: automatic crash report generation...
[   10.082309] [[0;32m  OK  [0m] Started Permit User Sessions.
         Starting Terminate Plymouth Boot Screen...
         Starting Hold until boot process finishes up...
[[0;32m  OK  [0m] Started Hold until boot process finishes up.
         Starting Set console scheme...
[[0;32m  OK  [0m] Started Getty on tty1.
[[0;32m  OK  [0m] Started Serial Getty on ttyS0.
[[0;32m  OK  [0m] Reached target Login Prompts.
[[0;32m  OK  [0m] Started Terminate Plymouth Boot Screen.
[[0;32m  OK  [0m] Started Set console scheme.
[[0;32m  OK  [0m] Started LSB: Record successful boot for GRUB.
cloud-init[[0;32m  OK  [0m] Started System Logging Service.
[960]: +----[SHA256]-----+
[[0;32m  OK  [0m] Started LSB: Set the CPU Frequency Scaling governor to "ondemand".
[[0;32m  OK  [0m] Started LSB: daemon to balance interrupts for SMP systems.
[[0;32m  OK  [0m] Started LSB: automatic crash report generation.
[[0;32m  OK  [0m] Started LXD - container startup/shutdown.
[[0;32m  OK  [0m] Started Virtualbox guest utils.
[[0;32m  OK  [0m] Started Snappy daemon.
         Starting Wait until snapd is fully seeded...
[[0;32m  OK  [0m] Started Pollinate to seed the pseudo random number generator.
         Starting OpenBSD Secure Shell server...
[[0;32m  OK  [0m] Started OpenBSD Secure Shell server.
[[0;32m  OK  [0m] Created slice User Slice of vagrant.
         Starting User Manager for UID 1000...
[[0;32m  OK  [0m] Started Session 1 of user vagrant.
[[0;32m  OK  [0m] Started User Manager for UID 1000.
         Stopping User Manager for UID 1000...
[[0;32m  OK  [0m] Stopped User Manager for UID 1000.
[[0;32m  OK  [0m] Removed slice User Slice of vagrant.
[[0;32m  OK  [0m] Created slice User Slice of vagrant.
         Starting User Manager for UID 1000...
[[0;32m  OK  [0m] Started Session 2 of user vagrant.
[[0;32m  OK  [0m] Started User Manager for UID 1000.

Ubuntu 16.04.6 LTS ubuntu-xenial ttyS0

ubuntu-xenial login: [   17.811442] cloud-init[1879]: Generating locales (this might take a while)...
[   18.545848] cloud-init[1879]:   en_US.UTF-8... done
[   18.546815] cloud-init[1879]: Generation complete.
[   18.793159] cloud-init[1879]: Cloud-init v. 19.4-33-gbb4131a2-0ubuntu1~16.04.1 running 'modules:config' at Tue, 18 Feb 2020 00:34:45 +0000. Up 17.72 seconds.
ci-info: no authorized SSH keys fingerprints found for user ubuntu.
<14>Feb 18 00:34:46 ec2: 
<14>Feb 18 00:34:46 ec2: #############################################################
<14>Feb 18 00:34:46 ec2: -----BEGIN SSH HOST KEY FINGERPRINTS-----
<14>Feb 18 00:34:46 ec2: 1024 SHA256:IjUqDfQv5mHV19TJxdfdEPkASKw921KNyRJSV5P23Os root@ubuntu-xenial (DSA)
<14>Feb 18 00:34:46 ec2: 256 SHA256:/o/5M80qbPN+GPLVbTjpFtqrUlRK4tgXMwUjTq3T4Ws root@ubuntu-xenial (ECDSA)
<14>Feb 18 00:34:46 ec2: 256 SHA256:3gXZFnOxpZFzQ9sZ+aHi/uJLx0DHmSDKCbI2m5ZKki0 root@ubuntu-xenial (ED25519)
<14>Feb 18 00:34:46 ec2: 2048 SHA256:H9mC3y3mj0ZUg34/7hpu1+LrHhsAfi6MO6CDYWuIsaQ root@ubuntu-xenial (RSA)
<14>Feb 18 00:34:46 ec2: -----END SSH HOST KEY FINGERPRINTS-----
<14>Feb 18 00:34:46 ec2: #############################################################
-----BEGIN SSH HOST KEY KEYS-----
ecdsa-sha2-nistp256 AAAAE2VjZHNhLXNoYTItbmlzdHAyNTYAAAAIbmlzdHAyNTYAAABBBHMzzVkwt+qwRypIklpMlvypht3Pb9nqVJIF6W2roZNEe0Hxqc699smEtlY81A2uhhrTuiP69mdAv7d3NmtLfy4= root@ubuntu-xenial
ssh-ed25519 AAAAC3NzaC1lZDI1NTE5AAAAIFFdZ28nfk/j9GXEYbmw7rUTPskxqSt+jVFBoUI0eIVK root@ubuntu-xenial
ssh-rsa AAAAB3NzaC1yc2EAAAADAQABAAABAQCtKlCw0Fs02smbsNWyvmTEihyUxJvBLiNU7tGIPsitEigC3hD+lD7TgpP9g6Y8eCrazi3[[0;32m  OK  [0m] Stopped target Graphical Interface.
         Stopping ACPI event daemon...
         Stopping Accounts Service...
         Stopping Session 3 of user vagrant.
         Stopping Authenticate and Authorize Users to Run Privileged Tasks...
[[0;32m  OK  [0m] Stopped target Timers.
[[0;32m  OK  [0m] Stopped Daily apt upgrade and clean activities.
[[0;32m  OK  [0m] Stopped Daily apt download activities.
         Stopping User Manager for UID 1000...
[[0;32m  OK  [0m] Stopped Message of the Day.
[[0;32m  OK  [0m] Stopped target System Time Synchronized.
[[0;32m  OK  [0m] Closed Load/Save RF Kill Switch Status /dev/rfkill Watch.
[[0;32m  OK  [0m] Stopped target Cloud-init target.
[[0;32m  OK  [0m] Stopped Execute cloud user/final scripts.
[[0;32m  OK  [0m] Stopped Apply the settings specified in cloud-config.
[[0;32m  OK  [0m] Stopped target Cloud-config availability.
[[0;32m  OK  [0m] Stopped target Multi-User System.
         Stopping Unattended Upgrades Shutdown...
         Stopping LSB: daemon to balance interrupts for SMP systems...
         Stopping LSB: Set the CPU Frequency Scaling governor to "ondemand"...
         Stopping D-Bus System Message Bus...
         Stopping Deferred execution scheduler...
[[0;32m  OK  [0m] Stopped Wait until snapd is fully seeded.
         Stopping Virtualbox guest utils...
         Stopping LSB: MD monitoring daemon...
         Stopping OpenBSD Secure Shell server...
         Stopping LSB: automatic crash report generation...
         Stopping FUSE filesystem for LXC...
         Stopping Regular background program processing daemon...
         Stopping LXD - container startup/shutdown...
         Stopping LSB: Record successful boot for GRUB...
[[0;32m  OK  [0m] Stopped Daily Cleanup of Temporary Directories.
         Stopping System Logging Service...
         Stopping A high performance web server and a reverse proxy server...
[[0;32m  OK  [0m] Stopped target Login Prompts.
         Stopping Serial Getty on ttyS0...
         Stopping Getty on tty1...
[[0;32m  OK  [0m] Unmounted /var/lib/lxcfs.
[[0;32m  OK  [0m] Stopped System Logging Service.
[[0;32m  OK  [0m] Stopped Accounts Service.
[[0;32m  OK  [0m] Stopped Regular background program processing daemon.
[[0;32m  OK  [0m] Stopped Deferred execution scheduler.
[[0;32m  OK  [0m] Stopped ACPI event daemon.
[[0;32m  OK  [0m] Stopped Unattended Upgrades Shutdown.
[[0;32m  OK  [0m] Stopped Authenticate and Authorize Users to Run Privileged Tasks.
[[0;32m  OK  [0m] Stopped Getty on tty1.
[[0;32m  OK  [0m] Stopped Serial Getty on ttyS0.
[[0;32m  OK  [0m] Stopped OpenBSD Secure Shell server.
[[0;32m  OK  [0m] Stopped User Manager for UID 1000.
[[0;32m  OK  [0m] Stopped Session 3 of user vagrant.
[[0;32m  OK  [0m] Stopped D-Bus System Message Bus.
[[0;32m  OK  [0m] Stopped FUSE filesystem for LXC.
[[0;32m  OK  [0m] Stopped LSB: daemon to balance interrupts for SMP systems.
[[0;32m  OK  [0m] Stopped LSB: MD monitoring daemon.
[[0;32m  OK  [0m] Stopped LSB: Set the CPU Frequency Scaling governor to "ondemand".
[[0;32m  OK  [0m] Stopped LSB: automatic crash report generation.
[[0;32m  OK  [0m] Stopped LXD - container startup/shutdown.
[[0;32m  OK  [0m] Stopped Virtualbox guest utils.
[[0;32m  OK  [0m] Stopped LSB: Record successful boot for GRUB.
[[0;32m  OK  [0m] Removed slice User Slice of vagrant.
[[0;32m  OK  [0m] Removed slice system-serial\x2dgetty.slice.
[[0;32m  OK  [0m] Removed slice system-getty.slice.
[[0;32m  OK  [0m] Stopped /etc/rc.local Compatibility.
         Stopping Permit User Sessions...
         Stopping Login Service...
[[0;32m  OK  [0m] Stopped Permit User Sessions.
[[0;32m  OK  [0m] Stopped target Remote File Systems.
[[0;32m  OK  [0m] Stopped target Remote File Systems (Pre).
         Stopping Login to default iSCSI targets...
[[0;32m  OK  [0m] Stopped Login to default iSCSI targets.
         Stopping iSCSI initiator daemon (iscsid)...
[[0;32m  OK  [0m] Stopped Login Service.
[[0;32m  OK  [0m] Stopped iSCSI initiator daemon (iscsid).
[[0;32m  OK  [0m] Stopped target Network is Online.
[[0;32m  OK  [0m] Stopped target User and Group Name Lookups.
[[0;32m  OK  [0m] Stopped A high performance web server and a reverse proxy server.
[[0;32m  OK  [0m] Stopped target Network.
[[0;32m  OK  [0m] Stopped target Basic System.
[[0;32m  OK  [0m] Stopped target Paths.
[[0;32m  OK  [0m] Stopped Dispatch Password Requests to Console Directory Watch.
[[0;32m  OK  [0m] Stopped ACPI Events Check.
[[0;32m  OK  [0m] Stopped Forward Password Requests to Wall Directory Watch.
[[0;32m  OK  [0m] Stopped target Sockets.
[[0;32m  OK  [0m] Closed UUID daemon activation socket.
[[0;32m  OK  [0m] Closed Socket activation for snappy daemon.
[[0;32m  OK  [0m] Closed ACPID Listen Socket.
[[0;32m  OK  [0m] Closed LXD - unix socket.
[[0;32m  OK  [0m] Closed D-Bus System Message Bus Socket.
[[0;32m  OK  [0m] Closed Syslog Socket.
[[0;32m  OK  [0m] Stopped target Slices.
[[0;32m  OK  [0m] Removed slice User and Session Slice.
[[0;32m  OK  [0m] Stopped target System Initialization.
[[0;32m  OK  [0m] Stopped Commit a transient machine-id on disk.
         Stopping Load/Save Random Seed...
[[0;32m  OK  [0m] Stopped target Swap.
[[0;32m  OK  [0m] Stopped Create Volatile Files and Directories.
[[0;32m  OK  [0m] Stopped target Encrypted Volumes.
[[0;32m  OK  [0m] Stopped Initial cloud-init job (metadata service crawler).
         Stopping Raise network interfaces...
[[0;32m  OK  [0m] Stopped Load/Save Random Seed.
[[0;32m  OK  [0m] Stopped Raise network interfaces.
[[0;32m  OK  [0m] Stopped Apply Kernel Variables.
[[0;32m  OK  [0m] Stopped target Network (Pre).
[[0;32m  OK  [0m] Stopped Initial cloud-init job (pre-networking).
[[0;32m  OK  [0m] Stopped target Local File Systems.
         Unmounting /vagrant...
         Unmounting /run/user/1000...
[[0;32m  OK  [0m] Stopped Load Kernel Modules.
[[0;32m  OK  [0m] Unmounted /vagrant.
[[0;32m  OK  [0m] Unmounted /run/user/1000.
[[0;32m  OK  [0m] Reached target Unmount All Filesystems.
[[0;32m  OK  [0m] Stopped target Local File Systems (Pre).
[[0;32m  OK  [0m] Stopped Create Static Device Nodes in /dev.
[[0;32m  OK  [0m] Stopped Remount Root and Kernel File Systems.
[[0;32m  OK  [0m] Reached target Shutdown.
[  392.815332] reboot: Power down
K  [0m] Unmounted /vagrant.
[[0;32m  OK  [0m] Unmounted /run/user/1000.
[[0;32m  OK  [0m] Reached target Unmount All Filesystems.
[[0;32m  OK  [0m] Stopped target Local File Systems (Pre).
[[0;32m  OK  [0m] Stopped Create Static Device Nodes in /dev.
         Stopping Monitoring of LVM2 mirrors... dmeventd or progress polling...
[[0;32m  OK  [0m] Stopped Remount Root and Kernel File Systems.
[[0;32m  OK  [0m] Reached target Shutdown.
[  316.043650] reboot: Power down
tworking).
[[0;32m  OK  [0m] Stopped Load Kernel Modules.
[[0;32m  OK  [0m] Unmounted /run/user/1000.
[[0;32m  OK  [0m] Unmounted /vagrant.
[[0;32m  OK  [0m] Reached target Unmount All Filesystems.
[[0;32m  OK  [0m] Stopped target Local File Systems (Pre).
[[0;32m  OK  [0m] Stopped Create Static Device Nodes in /dev.
[[0;32m  OK  [0m] Stopped Remount Root and Kernel File Systems.
[[0;32m  OK  [0m] Reached target Shutdown.
[  236.072816] reboot: Power down
