[    0.000000] Initializing cgroup subsys cpuset
[    0.000000] Initializing cgroup subsys cpu
[    0.000000] Initializing cgroup subsys cpuacct
[    0.000000] Linux version 4.4.0-173-generic (buildd@lgw01-amd64-037) (gcc version 5.4.0 20160609 (Ubuntu 5.4.0-6ubuntu1~16.04.12) ) #203-Ubuntu SMP Wed Jan 15 02:55:01 UTC 2020 (Ubuntu 4.4.0-173.203-generic 4.4.208)
[    0.000000] Command line: BOOT_IMAGE=/boot/vmlinuz-4.4.0-173-generic root=LABEL=cloudimg-rootfs ro console=tty1 console=ttyS0
[    0.000000] KERNEL supported cpus:
[    0.000000]   Intel GenuineIntel
[    0.000000]   AMD AuthenticAMD
[    0.000000]   Centaur CentaurHauls
[    0.000000] x86/fpu: xstate_offset[2]:  576, xstate_sizes[2]:  256
[    0.000000] x86/fpu: Supporting XSAVE feature 0x01: 'x87 floating point registers'
[    0.000000] x86/fpu: Supporting XSAVE feature 0x02: 'SSE registers'
[    0.000000] x86/fpu: Supporting XSAVE feature 0x04: 'AVX registers'
[    0.000000] x86/fpu: Enabled xstate features 0x7, context size is 832 bytes, using 'standard' format.
[    0.000000] e820: BIOS-provided physical RAM map:
[    0.000000] BIOS-e820: [mem 0x0000000000000000-0x000000000009fbff] usable
[    0.000000] BIOS-e820: [mem 0x000000000009fc00-0x000000000009ffff] reserved
[    0.000000] BIOS-e820: [mem 0x00000000000f0000-0x00000000000fffff] reserved
[    0.000000] BIOS-e820: [mem 0x0000000000100000-0x000000003ffeffff] usable
[    0.000000] BIOS-e820: [mem 0x000000003fff0000-0x000000003fffffff] ACPI data
[    0.000000] BIOS-e820: [mem 0x00000000fec00000-0x00000000fec00fff] reserved
[    0.000000] BIOS-e820: [mem 0x00000000fee00000-0x00000000fee00fff] reserved
[    0.000000] BIOS-e820: [mem 0x00000000fffc0000-0x00000000ffffffff] reserved
[    0.000000] NX (Execute Disable) protection: active
[    0.000000] SMBIOS 2.5 present.
[    0.000000] Hypervisor detected: KVM
[    0.000000] e820: last_pfn = 0x3fff0 max_arch_pfn = 0x400000000
[    0.000000] MTRR: Disabled
[    0.000000] x86/PAT: MTRRs disabled, skipping PAT initialization too.
[    0.000000] CPU MTRRs all blank - virtualized system.
[    0.000000] x86/PAT: Configuration [0-7]: WB  WT  UC- UC  WB  WT  UC- UC  
[    0.000000] found SMP MP-table at [mem 0x0009fff0-0x0009ffff] mapped at [ffff88000009fff0]
[    0.000000] Scanning 1 areas for low memory corruption
[    0.000000] RAMDISK: [mem 0x362e4000-0x37169fff]
[    0.000000] ACPI: Early table checksum verification disabled
[    0.000000] ACPI: RSDP 0x00000000000E0000 000024 (v02 VBOX  )
[    0.000000] ACPI: XSDT 0x000000003FFF0030 00003C (v01 VBOX   VBOXXSDT 00000001 ASL  00000061)
[    0.000000] ACPI: FACP 0x000000003FFF00F0 0000F4 (v04 VBOX   VBOXFACP 00000001 ASL  00000061)
[    0.000000] ACPI: DSDT 0x000000003FFF0470 0022EA (v02 VBOX   VBOXBIOS 00000002 INTL 20100528)
[    0.000000] ACPI: FACS 0x000000003FFF0200 000040
[    0.000000] ACPI: FACS 0x000000003FFF0200 000040
[    0.000000] ACPI: APIC 0x000000003FFF0240 00005C (v02 VBOX   VBOXAPIC 00000001 ASL  00000061)
[    0.000000] ACPI: SSDT 0x000000003FFF02A0 0001CC (v01 VBOX   VBOXCPUT 00000002 INTL 20100528)
[    0.000000] No NUMA configuration found
[    0.000000] Faking a node at [mem 0x0000000000000000-0x000000003ffeffff]
[    0.000000] NODE_DATA(0) allocated [mem 0x3ffeb000-0x3ffeffff]
[    0.000000] kvm-clock: Using msrs 4b564d01 and 4b564d00
[    0.000000] kvm-clock: cpu 0, msr 0:3ffe3001, primary cpu clock
[    0.000000] kvm-clock: using sched offset of 3868991316 cycles
[    0.000000] clocksource: kvm-clock: mask: 0xffffffffffffffff max_cycles: 0x1cd42e4dffb, max_idle_ns: 881590591483 ns
[    0.000000] Zone ranges:
[    0.000000]   DMA      [mem 0x0000000000001000-0x0000000000ffffff]
[    0.000000]   DMA32    [mem 0x0000000001000000-0x000000003ffeffff]
[    0.000000]   Normal   empty
[    0.000000]   Device   empty
[    0.000000] Movable zone start for each node
[    0.000000] Early memory node ranges
[    0.000000]   node   0: [mem 0x0000000000001000-0x000000000009efff]
[    0.000000]   node   0: [mem 0x0000000000100000-0x000000003ffeffff]
[    0.000000] Initmem setup node 0 [mem 0x0000000000001000-0x000000003ffeffff]
[    0.000000] ACPI: PM-Timer IO Port: 0x4008
[    0.000000] IOAPIC[0]: apic_id 2, version 32, address 0xfec00000, GSI 0-23
[    0.000000] ACPI: INT_SRC_OVR (bus 0 bus_irq 0 global_irq 2 dfl dfl)
[    0.000000] ACPI: INT_SRC_OVR (bus 0 bus_irq 9 global_irq 9 low level)
[    0.000000] Using ACPI (MADT) for SMP configuration information
[    0.000000] smpboot: Allowing 2 CPUs, 0 hotplug CPUs
[    0.000000] PM: Registered nosave memory: [mem 0x00000000-0x00000fff]
[    0.000000] PM: Registered nosave memory: [mem 0x0009f000-0x0009ffff]
[    0.000000] PM: Registered nosave memory: [mem 0x000a0000-0x000effff]
[    0.000000] PM: Registered nosave memory: [mem 0x000f0000-0x000fffff]
[    0.000000] e820: [mem 0x40000000-0xfebfffff] available for PCI devices
[    0.000000] Booting paravirtualized kernel on KVM
[    0.000000] clocksource: refined-jiffies: mask: 0xffffffff max_cycles: 0xffffffff, max_idle_ns: 7645519600211568 ns
[    0.000000] setup_percpu: NR_CPUS:512 nr_cpumask_bits:512 nr_cpu_ids:2 nr_node_ids:1
[    0.000000] PERCPU: Embedded 33 pages/cpu @ffff88003fc00000 s95448 r8192 d31528 u1048576
[    0.000000] Built 1 zonelists in Node order, mobility grouping on.  Total pages: 257912
[    0.000000] Policy zone: DMA32
[    0.000000] Kernel command line: BOOT_IMAGE=/boot/vmlinuz-4.4.0-173-generic root=LABEL=cloudimg-rootfs ro console=tty1 console=ttyS0
[    0.000000] PID hash table entries: 4096 (order: 3, 32768 bytes)
[    0.000000] Memory: 997680K/1048120K available (8626K kernel code, 1336K rwdata, 4032K rodata, 1488K init, 1292K bss, 50440K reserved, 0K cma-reserved)
[    0.000000] SLUB: HWalign=64, Order=0-3, MinObjects=0, CPUs=2, Nodes=1
[    0.000000] Kernel/User page tables isolation: enabled
[    0.000000] Hierarchical RCU implementation.
[    0.000000] 	Build-time adjustment of leaf fanout to 64.
[    0.000000] 	RCU restricting CPUs from NR_CPUS=512 to nr_cpu_ids=2.
[    0.000000] RCU: Adjusting geometry for rcu_fanout_leaf=64, nr_cpu_ids=2
[    0.000000] NR_IRQS:33024 nr_irqs:440 16
[    0.000000] Console: colour VGA+ 80x25
[    0.000000] console [tty1] enabled
[    0.000000] console [ttyS0] enabled
[    0.000000] tsc: Detected 2593.994 MHz processor
[    0.168523] Calibrating delay loop (skipped) preset value.. 5187.98 BogoMIPS (lpj=10375976)
[    0.170742] pid_max: default: 32768 minimum: 301
[    0.171879] ACPI: Core revision 20150930
[    0.173700] ACPI: 2 ACPI AML tables successfully acquired and loaded
[    0.175449] Security Framework initialized
[    0.176513] Yama: becoming mindful.
[    0.177393] AppArmor: AppArmor initialized
[    0.178545] Dentry cache hash table entries: 131072 (order: 8, 1048576 bytes)
[    0.182031] Inode-cache hash table entries: 65536 (order: 7, 524288 bytes)
[    0.183758] Mount-cache hash table entries: 2048 (order: 2, 16384 bytes)
[    0.185641] Mountpoint-cache hash table entries: 2048 (order: 2, 16384 bytes)
[    0.188173] Initializing cgroup subsys io
[    0.189493] Initializing cgroup subsys memory
[    0.193204] Initializing cgroup subsys devices
[    0.194635] Initializing cgroup subsys freezer
[    0.195821] Initializing cgroup subsys net_cls
[    0.196991] Initializing cgroup subsys perf_event
[    0.198137] Initializing cgroup subsys net_prio
[    0.199333] Initializing cgroup subsys hugetlb
[    0.200588] Initializing cgroup subsys pids
[    0.202597] mce: CPU supports 0 MCE banks
[    0.203651] Last level iTLB entries: 4KB 1024, 2MB 1024, 4MB 1024
[    0.205124] Last level dTLB entries: 4KB 1024, 2MB 1024, 4MB 1024, 1GB 4
[    0.206617] Spectre V1 : Mitigation: usercopy/swapgs barriers and __user pointer sanitization
[    0.208790] Spectre V2 : Mitigation: Full generic retpoline
[    0.210111] Spectre V2 : Spectre v2 / SpectreRSB mitigation: Filling RSB on context switch
[    0.212099] Speculative Store Bypass: Vulnerable
[    0.213382] MDS: Vulnerable: Clear CPU buffers attempted, no microcode
[    0.217140] Freeing SMP alternatives memory: 36K
[    0.223585] ftrace: allocating 32304 entries in 127 pages
[    0.276888] smpboot: APIC(0) Converting physical 0 to logical package 0
[    0.278677] smpboot: Max logical packages: 1
[    0.280206] x2apic enabled
[    0.281120] Switched APIC routing to physical x2apic.
[    0.283235] ..TIMER: vector=0x30 apic1=0 pin1=2 apic2=-1 pin2=-1
[    0.392873] smpboot: CPU0: Intel(R) Core(TM) i7-4960HQ CPU @ 2.60GHz (family: 0x6, model: 0x46, stepping: 0x1)
[    0.395474] Performance Events: unsupported p6 CPU model 70 no PMU driver, software events only.
[    0.407874] KVM setup paravirtual spinlock
[    0.409566] x86: Booting SMP configuration:
[    0.410669] .... node  #0, CPUs:      #1
[    0.411793] kvm-clock: cpu 1, msr 0:3ffe3041, secondary cpu clock
[    0.413852] mce: CPU supports 0 MCE banks
[    0.416842] x86: Booted up 1 node, 2 CPUs
[    0.418089] smpboot: Total of 2 processors activated (10375.97 BogoMIPS)
[    0.420158] devtmpfs: initialized
[    0.422524] evm: security.selinux
[    0.423455] evm: security.SMACK64
[    0.424350] evm: security.SMACK64EXEC
[    0.425380] evm: security.SMACK64TRANSMUTE
[    0.426460] evm: security.SMACK64MMAP
[    0.427358] evm: security.ima
[    0.428169] evm: security.capability
[    0.429260] clocksource: jiffies: mask: 0xffffffff max_cycles: 0xffffffff, max_idle_ns: 7645041785100000 ns
[    0.431502] futex hash table entries: 512 (order: 3, 32768 bytes)
[    0.433103] pinctrl core: initialized pinctrl subsystem
[    0.434540] RTC time:  0:50:25, date: 02/18/20
[    0.435890] NET: Registered protocol family 16
[    0.452695] cpuidle: using governor ladder
[    0.468581] cpuidle: using governor menu
[    0.470046] PCCT header not found.
[    0.471216] ACPI: bus type PCI registered
[    0.472408] acpiphp: ACPI Hot Plug PCI Controller Driver version: 0.5
[    0.474425] PCI: Using configuration type 1 for base access
[    0.486273] ACPI: Added _OSI(Module Device)
[    0.487764] ACPI: Added _OSI(Processor Device)
[    0.489273] ACPI: Added _OSI(3.0 _SCP Extensions)
[    0.490737] ACPI: Added _OSI(Processor Aggregator Device)
[    0.493002] ACPI: Executed 1 blocks of module-level executable AML code
[    0.496708] ACPI: Interpreter enabled
[    0.497850] ACPI: (supports S0 S5)
[    0.498753] ACPI: Using IOAPIC for interrupt routing
[    0.500082] PCI: Using host bridge windows from ACPI; if necessary, use "pci=nocrs" and report a bug
[    0.506306] ACPI: PCI Root Bridge [PCI0] (domain 0000 [bus 00-ff])
[    0.507953] acpi PNP0A03:00: _OSC: OS supports [ASPM ClockPM Segments MSI]
[    0.509874] acpi PNP0A03:00: _OSC: not requesting OS control; OS requires [ExtendedConfig ASPM ClockPM MSI]
[    0.512371] acpi PNP0A03:00: fail to add MMCONFIG information, can't access extended PCI configuration space under this bridge.
[    0.515665] PCI host bridge to bus 0000:00
[    0.516972] pci_bus 0000:00: root bus resource [io  0x0000-0x0cf7 window]
[    0.518547] pci_bus 0000:00: root bus resource [io  0x0d00-0xffff window]
[    0.520135] pci_bus 0000:00: root bus resource [mem 0x000a0000-0x000bffff window]
[    0.522235] pci_bus 0000:00: root bus resource [mem 0x40000000-0xfdffffff window]
[    0.524099] pci_bus 0000:00: root bus resource [bus 00-ff]
[    0.528328] pci 0000:00:01.1: legacy IDE quirk: reg 0x10: [io  0x01f0-0x01f7]
[    0.530076] pci 0000:00:01.1: legacy IDE quirk: reg 0x14: [io  0x03f6]
[    0.531537] pci 0000:00:01.1: legacy IDE quirk: reg 0x18: [io  0x0170-0x0177]
[    0.533200] pci 0000:00:01.1: legacy IDE quirk: reg 0x1c: [io  0x0376]
[    0.560265] pci 0000:00:07.0: quirk: [io  0x4000-0x403f] claimed by PIIX4 ACPI
[    0.562543] pci 0000:00:07.0: quirk: [io  0x4100-0x410f] claimed by PIIX4 SMB
[    0.579631] ACPI: PCI Interrupt Link [LNKA] (IRQs 5 9 10 *11)
[    0.582590] ACPI: PCI Interrupt Link [LNKB] (IRQs 5 9 *10 11)
[    0.584871] ACPI: PCI Interrupt Link [LNKC] (IRQs 5 *9 10 11)
[    0.587097] ACPI: PCI Interrupt Link [LNKD] (IRQs 5 9 10 *11)
[    0.589180] ACPI: Enabled 2 GPEs in block 00 to 07
[    0.590906] vgaarb: setting as boot device: PCI:0000:00:02.0
[    0.592474] vgaarb: device added: PCI:0000:00:02.0,decodes=io+mem,owns=io+mem,locks=none
[    0.594726] vgaarb: loaded
[    0.595482] vgaarb: bridge control possible 0000:00:02.0
[    0.597484] SCSI subsystem initialized
[    0.598661] ACPI: bus type USB registered
[    0.599664] usbcore: registered new interface driver usbfs
[    0.601563] usbcore: registered new interface driver hub
[    0.602851] usbcore: registered new device driver usb
[    0.604365] PCI: Using ACPI for IRQ routing
[    0.605780] NetLabel: Initializing
[    0.606644] NetLabel:  domain hash size = 128
[    0.607855] NetLabel:  protocols = UNLABELED CIPSOv4
[    0.611865] NetLabel:  unlabeled traffic allowed by default
[    0.613778] amd_nb: Cannot enumerate AMD northbridges
[    0.615321] clocksource: Switched to clocksource kvm-clock
[    0.625309] AppArmor: AppArmor Filesystem Enabled
[    0.626638] pnp: PnP ACPI init
[    0.628561] pnp: PnP ACPI: found 3 devices
[    0.640407] clocksource: acpi_pm: mask: 0xffffff max_cycles: 0xffffff, max_idle_ns: 2085701024 ns
[    0.642816] NET: Registered protocol family 2
[    0.644061] TCP established hash table entries: 8192 (order: 4, 65536 bytes)
[    0.645812] TCP bind hash table entries: 8192 (order: 5, 131072 bytes)
[    0.647274] TCP: Hash tables configured (established 8192 bind 8192)
[    0.648783] UDP hash table entries: 512 (order: 2, 16384 bytes)
[    0.650306] UDP-Lite hash table entries: 512 (order: 2, 16384 bytes)
[    0.652014] NET: Registered protocol family 1
[    0.653070] pci 0000:00:00.0: Limiting direct PCI/PCI transfers
[    0.654564] pci 0000:00:01.0: Activating ISA DMA hang workarounds
[    0.656198] Unpacking initramfs...
[    0.878344] Freeing initrd memory: 14872K
[    0.879703] clocksource: tsc: mask: 0xffffffffffffffff max_cycles: 0x256412811b4, max_idle_ns: 440795306987 ns
[    0.882285] platform rtc_cmos: registered platform RTC device (no PNP device found)
[    0.884424] Scanning for low memory corruption every 60 seconds
[    0.887052] audit: initializing netlink subsys (disabled)
[    0.888494] audit: type=2000 audit(1581987031.194:1): initialized
[    0.890681] Initialise system trusted keyring
[    0.892525] HugeTLB registered 2 MB page size, pre-allocated 0 pages
[    0.895433] zbud: loaded
[    0.896868] VFS: Disk quotas dquot_6.6.0
[    0.898006] VFS: Dquot-cache hash table entries: 512 (order 0, 4096 bytes)
[    0.899979] squashfs: version 4.0 (2009/01/31) Phillip Lougher
[    0.901820] fuse init (API version 7.23)
[    0.903077] Key type big_key registered
[    0.904225] Allocating IMA MOK and blacklist keyrings.
[    0.907775] Key type asymmetric registered
[    0.908873] Asymmetric key parser 'x509' registered
[    0.910282] Block layer SCSI generic (bsg) driver version 0.4 loaded (major 249)
[    0.912209] io scheduler noop registered
[    0.913170] io scheduler deadline registered (default)
[    0.914472] io scheduler cfq registered
[    0.915796] pci_hotplug: PCI Hot Plug PCI Core version: 0.5
[    0.917312] pciehp: PCI Express Hot Plug Controller Driver version: 0.4
[    0.920673] ACPI: AC Adapter [AC] (on-line)
[    0.922227] input: Power Button as /devices/LNXSYSTM:00/LNXPWRBN:00/input/input0
[    0.924695] ACPI: Power Button [PWRF]
[    0.925907] input: Sleep Button as /devices/LNXSYSTM:00/LNXSLPBN:00/input/input1
[    0.927824] ACPI: Sleep Button [SLPF]
[    0.929118] GHES: HEST is not enabled!
[    0.930253] ACPI: Battery Slot [BAT0] (battery present)
[    0.931680] Serial: 8250/16550 driver, 32 ports, IRQ sharing enabled
 	
 !"#$%&'()*+,-./0123456789:;<=>?@ABCDEFGHIJKLMNOPQRSTUVWXYZ[\]^_`abcdefghijklmnopqrstuvwxyz{|}~ÄÅÇÉÑÖÜáàâäãåçéèêëíìîïñóòôöõúùûü†°¢£§•¶ß®©™´¨≠ÆØ∞±≤≥¥µ∂∑∏π∫ªºΩæø¿¡¬√ƒ≈∆«»… ÀÃÕŒœ–—“”‘’÷◊ÿŸ⁄€‹›ﬁﬂ‡·‚„‰ÂÊÁËÈÍÎÏÌÓÔÒÚÛÙıˆ˜¯˘˙˚¸˝˛ˇ[    0.956689] 00:02: ttyS0 at I/O 0x3f8 (irq = 4, base_baud = 115200) is a 16550A
[    0.961752] Linux agpgart interface v0.103
[    0.964700] loop: module loaded
[    0.966097] scsi host0: ata_piix
[    0.967044] scsi host1: ata_piix
[    0.967982] ata1: PATA max UDMA/33 cmd 0x1f0 ctl 0x3f6 bmdma 0xd000 irq 14
[    0.969762] ata2: PATA max UDMA/33 cmd 0x170 ctl 0x376 bmdma 0xd008 irq 15
[    0.971687] libphy: Fixed MDIO Bus: probed
[    0.972819] tun: Universal TUN/TAP device driver, 1.6
[    0.974325] tun: (C) 1999-2004 Max Krasnyansky <maxk@qualcomm.com>
[    0.976110] PPP generic driver version 2.4.2
[    0.977347] ehci_hcd: USB 2.0 'Enhanced' Host Controller (EHCI) Driver
[    0.978818] ehci-pci: EHCI PCI platform driver
[    0.979981] ehci-platform: EHCI generic platform driver
[    0.981276] ohci_hcd: USB 1.1 'Open' Host Controller (OHCI) Driver
[    0.982814] ohci-pci: OHCI PCI platform driver
[    0.984217] ohci-platform: OHCI generic platform driver
[    0.985662] uhci_hcd: USB Universal Host Controller Interface driver
[    0.987344] i8042: PNP: PS/2 Controller [PNP0303:PS2K,PNP0f03:PS2M] at 0x60,0x64 irq 1,12
[    0.989873] serio: i8042 KBD port at 0x60,0x64 irq 1
[    0.991075] serio: i8042 AUX port at 0x60,0x64 irq 12
[    0.992856] mousedev: PS/2 mouse device common for all mice
[    0.994536] input: AT Translated Set 2 keyboard as /devices/platform/i8042/serio0/input/input2
[    0.997329] rtc_cmos rtc_cmos: rtc core: registered rtc_cmos as rtc0
[    0.999225] rtc_cmos rtc_cmos: alarms up to one day, 114 bytes nvram
[    1.001221] i2c /dev entries driver
[    1.002253] device-mapper: uevent: version 1.0.3
[    1.003554] device-mapper: ioctl: 4.34.0-ioctl (2015-10-28) initialised: dm-devel@redhat.com
[    1.005566] ledtrig-cpu: registered to indicate activity on CPUs
[    1.007628] NET: Registered protocol family 10
[    1.008952] NET: Registered protocol family 17
[    1.010021] Key type dns_resolver registered
[    1.011715] registered taskstats version 1
[    1.012791] Loading compiled-in X.509 certificates
[    1.014409] Loaded X.509 cert 'Build time autogenerated kernel key: 4e6a82653c7e3a258f066f23f1954299de63b157'
[    1.017269] zswap: loaded using pool lzo/zbud
[    1.021518] Key type trusted registered
[    1.026653] Key type encrypted registered
[    1.027829] AppArmor: AppArmor sha1 policy hashing enabled
[    1.029246] ima: No TPM chip found, activating TPM-bypass!
[    1.030508] ima: Allocated hash algorithm: sha1
[    1.031843] evm: HMAC attrs: 0x1
[    1.033213]   Magic number: 8:112:810
[    1.034557] rtc_cmos rtc_cmos: setting system clock to 2020-02-18 00:50:25 UTC (1581987025)
[    1.036813] BIOS EDD facility v0.16 2004-Jun-25, 0 devices found
[    1.038540] EDD information not available.
[    1.129414] Freeing unused kernel memory: 1488K
[    1.131240] Write protecting the kernel read-only data: 14336k
[    1.133763] Freeing unused kernel memory: 1604K
[    1.135763] Freeing unused kernel memory: 64K
Loading, please wait...
starting version 229
[    1.150390] random: systemd-udevd: uninitialized urandom read (16 bytes read, 2 bits of entropy available)
[    1.150863] random: udevadm: uninitialized urandom read (16 bytes read, 2 bits of entropy available)
[    1.150880] random: udevadm: uninitialized urandom read (16 bytes read, 2 bits of entropy available)
[    1.158166] random: systemd-udevd: uninitialized urandom read (16 bytes read, 2 bits of entropy available)
[    1.158170] random: udevadm: uninitialized urandom read (16 bytes read, 2 bits of entropy available)
[    1.158206] random: udevadm: uninitialized urandom read (16 bytes read, 2 bits of entropy available)
[    1.158315] random: udevadm: uninitialized urandom read (16 bytes read, 2 bits of entropy available)
[    1.158355] random: udevadm: uninitialized urandom read (16 bytes read, 2 bits of entropy available)
[    1.158394] random: udevadm: uninitialized urandom read (16 bytes read, 2 bits of entropy available)
[    1.158435] random: udevadm: uninitialized urandom read (16 bytes read, 2 bits of entropy available)
[    1.199568] e1000: Intel(R) PRO/1000 Network Driver - version 7.3.21-k8-NAPI
[    1.201496] e1000: Copyright (c) 1999-2006 Intel Corporation.
[    1.205221] Fusion MPT base driver 3.04.20
[    1.206390] Copyright (c) 1999-2008 LSI Corporation
[    1.216357] Fusion MPT SPI Host driver 3.04.20
[    1.228758] AVX2 version of gcm_enc/dec engaged.
[    1.235978] AES CTR mode by8 optimization enabled
[    1.444383] input: ImExPS/2 Generic Explorer Mouse as /devices/platform/i8042/serio1/input/input4
[    1.902456] e1000 0000:00:03.0 eth0: (PCI:33MHz:32-bit) 02:0e:0c:9a:00:f0
[    1.904248] e1000 0000:00:03.0 eth0: Intel(R) PRO/1000 Network Connection
[    2.313555] e1000 0000:00:08.0 eth1: (PCI:33MHz:32-bit) 08:00:27:0e:f6:24
[    2.315291] e1000 0000:00:08.0 eth1: Intel(R) PRO/1000 Network Connection
[    2.317613] mptbase: ioc0: Initiating bringup
[    2.317920] e1000 0000:00:08.0 enp0s8: renamed from eth1
[    2.336342] e1000 0000:00:03.0 enp0s3: renamed from eth0
[    2.384017] ioc0: LSI53C1030 A0: Capabilities={Initiator}
[    2.545720] scsi host2: ioc0: LSI53C1030 A0, FwRev=00000000h, Ports=1, MaxQ=256, IRQ=20
[    2.660284] scsi 2:0:0:0: Direct-Access     VBOX     HARDDISK         1.0  PQ: 0 ANSI: 5
[    2.662664] scsi target2:0:0: Beginning Domain Validation
[    2.665053] scsi target2:0:0: Domain Validation skipping write tests
[    2.666554] scsi target2:0:0: Ending Domain Validation
[    2.668067] scsi target2:0:0: asynchronous
[    2.669646] scsi 2:0:1:0: Direct-Access     VBOX     HARDDISK         1.0  PQ: 0 ANSI: 5
[    2.671647] scsi target2:0:1: Beginning Domain Validation
[    2.682778] scsi target2:0:1: Domain Validation skipping write tests
[    2.684463] scsi target2:0:1: Ending Domain Validation
[    2.685714] scsi target2:0:1: asynchronous
[    2.692829] sd 2:0:0:0: [sda] 20971520 512-byte logical blocks: (10.7 GB/10.0 GiB)
[    2.692885] sd 2:0:0:0: Attached scsi generic sg0 type 0
[    2.695488] sd 2:0:1:0: Attached scsi generic sg1 type 0
[    2.695854] sd 2:0:1:0: [sdb] 20480 512-byte logical blocks: (10.5 MB/10.0 MiB)
[    2.695994] sd 2:0:1:0: [sdb] Write Protect is off
[    2.696075] sd 2:0:1:0: [sdb] Incomplete mode parameter data
[    2.696076] sd 2:0:1:0: [sdb] Assuming drive cache: write through
[    2.697610] sd 2:0:1:0: [sdb] Attached SCSI disk
[    2.705148] sd 2:0:0:0: [sda] Write Protect is off
[    2.706635] sd 2:0:0:0: [sda] Incomplete mode parameter data
[    2.708287] sd 2:0:0:0: [sda] Assuming drive cache: write through
[    2.726144]  sda: sda1
[    2.727968] sd 2:0:0:0: [sda] Attached SCSI disk
Begin: Loading essential drivers ... [    4.027947] md: linear personality registered for level -1
[    4.035910] md: multipath personality registered for level -4
[    4.042175] md: raid0 personality registered for level 0
[    4.049142] md: raid1 personality registered for level 1
[    4.119523] raid6: sse2x1   gen()  8710 MB/s
[    4.187521] raid6: sse2x1   xor()  7891 MB/s
[    4.255399] raid6: sse2x2   gen() 11187 MB/s
[    4.323479] raid6: sse2x2   xor()  7906 MB/s
[    4.391860] raid6: sse2x4   gen() 11458 MB/s
[    4.459591] raid6: sse2x4   xor() 10113 MB/s
[    4.527374] raid6: avx2x1   gen() 19790 MB/s
[    4.595401] raid6: avx2x2   gen() 19903 MB/s
[    4.663573] raid6: avx2x4   gen() 26416 MB/s
[    4.664720] raid6: using algorithm avx2x4 gen() 26416 MB/s
[    4.666410] raid6: using avx2x2 recovery algorithm
[    4.670037] xor: automatically using best checksumming function:
[    4.711429]    avx       : 36792.000 MB/sec
[    4.713857] async_tx: api initialized (async)
[    4.727648] md: raid6 personality registered for level 6
[    4.730078] md: raid5 personality registered for level 5
[    4.731853] md: raid4 personality registered for level 4
[    4.739709] md: raid10 personality registered for level 10
done.
Begin: Running /scripts/init-premount ... done.
Begin: Mounting root file system ... Begin: Running /scripts/local-top ... done.
Begin: Running /scripts/local-premount ... [    4.772487] Btrfs loaded
Scanning for Btrfs filesystems
done.
Warning: fsck not present, so skipping root file system
[    4.803198] EXT4-fs (sda1): mounted filesystem with ordered data mode. Opts: (null)
done.
Begin: Running /scripts/local-bottom ... done.
Begin: Running /scripts/init-bottom ... done.
[    4.923704] systemd[1]: systemd 229 running in system mode. (+PAM +AUDIT +SELINUX +IMA +APPARMOR +SMACK +SYSVINIT +UTMP +LIBCRYPTSETUP +GCRYPT +GNUTLS +ACL +XZ -LZ4 +SECCOMP +BLKID +ELFUTILS +KMOD -IDN)
[    4.927958] systemd[1]: Detected virtualization oracle.
[    4.929878] systemd[1]: Detected architecture x86-64.

Welcome to [1mUbuntu 16.04.6 LTS[0m!

[    4.936173] systemd[1]: Set hostname to <ubuntu>.
[    4.942265] systemd[1]: Initializing machine ID from random generator.
[    4.943987] systemd[1]: Installed transient /etc/machine-id file.
[    5.080279] systemd[1]: Listening on /dev/initctl Compatibility Named Pipe.
[[0;32m  OK  [0m] Listening on /dev/initctl Compatibility Named Pipe.
[    5.083584] systemd[1]: Listening on Journal Audit Socket.
[[0;32m  OK  [0m] Listening on Journal Audit Socket.
[    5.086175] systemd[1]: Listening on LVM2 poll daemon socket.
[[0;32m  OK  [0m] Listening on LVM2 poll daemon socket.
[    5.088862] systemd[1]: Listening on udev Control Socket.
[[0;32m  OK  [0m] Listening on udev Control Socket.
[    5.123180] systemd[1]: Listening on Syslog Socket.
[[0;32m  OK  [0m] Listening on Syslog Socket.
[    5.125821] systemd[1]: Created slice System Slice.
[[0;32m  OK  [0m] Created slice System Slice.
[    5.541698] systemd[1]: Reached target System Time Synchronized.
[[0;32m  OK  [0m] Reached target System Time Synchronized.
[    5.560230] systemd[1]: Created slice User and Session Slice.
[[0;32m  OK  [0m] Created slice User and Session Slice.
[    5.563733] systemd[1]: Reached target Slices.
[[0;32m  OK  [0m] Reached target Slices.
[    5.818882] systemd[1]: Set up automount Arbitrary Executable File Formats File System Automount Point.
[[0;32m  OK  [0m] Set up automount Arbitrary Executab...ats File System Automount Point.
[    5.824318] systemd[1]: Listening on Journal Socket (/dev/log).
[[0;32m  OK  [0m] Listening on Journal Socket (/dev/log).
[    5.878781] systemd[1]: Created slice system-serial\x2dgetty.slice.
[[0;32m  OK  [0m] Created slice system-serial\x2dgetty.slice.
[    5.881774] systemd[1]: Reached target Swap.
[[0;32m  OK  [0m] Reached target Swap.
[    5.884018] systemd[1]: Listening on Journal Socket.
[[0;32m  OK  [0m] Listening on Journal Socket.
[    5.895764] systemd[1]: Mounting POSIX Message Queue File System...
         Mounting POSIX Message Queue File System...
[    5.900083] systemd[1]: Starting Set console keymap...
         Starting Set console keymap...
[    5.905923] systemd[1]: Starting Load Kernel Modules...
         Starting Load Kernel Modules...
[    5.909350] systemd[1]: Starting Journal Service...
         Starting Journal Service...
[    5.913914] systemd[1]: Starting Uncomplicated firewall...
         Starting Uncomplicated firewall...
[    5.917247] systemd[1]: Starting Create list of required static device nodes for the current kernel...
[    5.920117] Loading iSCSI transport class v2.0-870.
         Starting Create list of required st... nodes for the current kernel...
[    5.924055] systemd[1]: Mounting Debug File System...
         Mounting Debug File System...
[    5.926930] systemd[1]: Mounting Huge Pages File System...
         Mounting Huge Pages File System...
[    5.936037] systemd[1]: Starting Nameserver information manager...
         Starting Nameserver information manager...
[    5.939574] systemd[1]: Listening on udev Kernel Socket.
[[0;32m  OK  [0m] Listening on udev Kernel Socket.
[    5.942972] systemd[1]: Listening on LVM2 metadata daemon socket.
[[0;32m  OK  [0m] Listening on LVM2 metadata daemon socket.
[    5.947246] systemd[1]: Reached target Encrypted Volumes.
[[0;32m  OK  [0m] Reached target Encrypted Volumes.
[    5.951325] systemd[1]: Listening on Device-mapper event daemon FIFOs.
[[0;32m  OK  [0m] Listening on Device-mapper event daemon FIFOs.
[    5.958834] iscsi: registered transport (tcp)
[    5.967780] systemd[1]: Starting Monitoring of LVM2 mirrors, snapshots etc. using dmeventd or progress polling...
         Starting Monitoring of LVM2 mirrors... dmeventd or progress polling...
[    5.974848] systemd[1]: Started Trigger resolvconf update for networkd DNS.
[[0;32m  OK  [0m] Started Trigger resolvconf update for networkd DNS.
[    5.979914] systemd[1]: Starting Remount Root and Kernel File Systems...
         Starting Remount Root and Kernel File Systems...
[    5.988720] EXT4-fs (sda1): re-mounted. Opts: (null)
[    5.991940] systemd[1]: Started Forward Password Requests to Wall Directory Watch.
[[0;32m  OK  [0m] Started Forward Password Requests to Wall Directory Watch.
[    5.997304] systemd[1]: Reached target User and Group Name Lookups.
[[0;32m  OK  [0m] Reached target User and Group Name Lookups.
[    6.002784] systemd[1]: Mounted Debug File System.
[[0;32m  OK  [0m] Mounted Debug File System.
[    6.005518] systemd[1]: Mounted Huge Pages File System.
[[0;32m  OK  [0m] Mounted Huge Pages File System.
[    6.007875] systemd[1]: Mounted POSIX Message Queue File System.
[[0;32m  OK  [0m] Mounted POSIX Message Queue File System.
[    6.011421] systemd[1]: Started Journal Service.
[    6.012962] iscsi: registered transport (iser)
[[0;32m  OK  [0m] Started Journal Service.
[[0;32m  OK  [0m] Started Set console keymap.
[[0;32m  OK  [0m] Started Load Kernel Modules.
[[0;32m  OK  [0m] Started Uncomplicated firewall.
[[0;32m  OK  [0m] Started Create list of required sta...ce nodes for the current kernel.
[[0;32m  OK  [0m] Started Remount Root and Kernel File Systems.
[[0;32m  OK  [0m] Started Nameserver information manager.
[[0;32m  OK  [0m] Started LVM2 metadata daemon.
         Starting Load/Save Random Seed...
         Starting udev Coldplug all Devices...
         Starting Create Static Device Nodes in /dev...
         Mounting FUSE Control File System...
         Starting Apply Kernel Variables...
         Starting Flush Journal to Persistent Storage...
[[0;32m  OK  [0m] Mounted FUSE Control File System.
[[0;32m  OK  [0m] Started Load/Save Random Seed.
[    6.097797] systemd-journald[374]: Received request to flush runtime journal from PID 1
[[0;32m  OK  [0m] Started Flush Journal to Persistent Storage.
[[0;32m  OK  [0m] Started Create Static Device Nodes in /dev.
[[0;32m  OK  [0m] Started Apply Kernel Variables.
         Starting udev Kernel Device Manager...
[[0;32m  OK  [0m] Started udev Coldplug all Devices.
[[0;32m  OK  [0m] Started udev Kernel Device Manager.
[[0;32m  OK  [0m] Started Dispatch Password Requests to Console Directory Watch.
[[0;32m  OK  [0m] Found device /dev/ttyS0.
[[0;32m  OK  [0m] Listening on Load/Save RF Kill Switch Status /dev/rfkill Watch.
[[0;32m  OK  [0m] Started Monitoring of LVM2 mirrors,...ng dmeventd or progress polling.
[[0;32m  OK  [0m] Reached target Local File Systems (Pre).
[[0;32m  OK  [0m] Reached target Local File Systems.
         Starting Tell Plymouth To Write Out Runtime Data...
         Starting Initial cloud-init job (pre-networking)...
         Starting Create Volatile Files and Directories...
         Starting Commit a transient machine-id on disk...
         Starting Set console font and keymap...
         Starting LSB: AppArmor initialization...
[[0;32m  OK  [0m] Started Tell Plymouth To Write Out Runtime Data.
[[0;32m  OK  [0m] Started Create Volatile Files and Directories.
         Starting Update UTMP about System Boot/Shutdown...
[[0;32m  OK  [0m] Started Commit a transient machine-id on disk.
[[0;32m  OK  [0m] Started Update UTMP about System Boot/Shutdown.
[[0;32m  OK  [0m] Started LSB: AppArmor initialization.
[    7.812940] cloud-init[603]: Cloud-init v. 19.4-33-gbb4131a2-0ubuntu1~16.04.1 running 'init-local' at Tue, 18 Feb 2020 00:50:31 +0000. Up 7.31 seconds.
[[0;32m  OK  [0m] Started Initial cloud-init job (pre-networking).
[[0;32m  OK  [0m] Reached target Network (Pre).
         Starting Raise network interfaces...
[[0;32m  OK  [0m] Started Set console font and keymap.
[[0;32m  OK  [0m] Created slice system-getty.slice.
[[0;32m  OK  [0m] Started Raise network interfaces.
         Starting Initial cloud-init job (metadata service crawler)...
[[0;32m  OK  [0m] Reached target Network.
[    8.854994] cloud-init[956]: Cloud-init v. 19.4-33-gbb4131a2-0ubuntu1~16.04.1 running 'init' at Tue, 18 Feb 2020 00:50:33 +0000. Up 8.37 seconds.
[    8.864778] cloud-init[956]: ci-info: ++++++++++++++++++++++++++++++++++++Net device info+++++++++++++++++++++++++++++++++++++
[    8.866985] cloud-init[956]: ci-info: +--------+-------+------------------------+---------------+--------+-------------------+
[    8.869765] cloud-init[956]: ci-info: | Device |   Up  |        Address         |      Mask     | Scope  |     Hw-Address    |
[    8.871565] cloud-init[956]: ci-info: +--------+-------+------------------------+---------------+--------+-------------------+
[    8.873940] cloud-init[956]: ci-info: | enp0s3 |  True |       10.0.2.15        | 255.255.255.0 | global | 02:0e:0c:9a:00:f0 |
[    8.876542] cloud-init[956]: ci-info: | enp0s3 |  True | fe80::e:cff:fe9a:f0/64 |       .       |  link  | 02:0e:0c:9a:00:f0 |
[    8.879113] cloud-init[956]: ci-info: | enp0s8 | False |           .            |       .       |   .    | 08:00:27:0e:f6:24 |
[    8.881978] cloud-init[956]: ci-info: |   lo   |  True |       127.0.0.1        |   255.0.0.0   |  host  |         .         |
[    8.884622] cloud-init[956]: ci-info: |   lo   |  True |        ::1/128         |       .       |  host  |         .         |
[    8.886343] cloud-init[956]: ci-info: +--------+-------+------------------------+---------------+--------+-------------------+
[    8.888489] cloud-init[956]: ci-info: +++++++++++++++++++++++++++Route IPv4 info++++++++++++++++++++++++++++
[    8.896347] cloud-init[956]: ci-info: +-------+-------------+----------+---------------+-----------+-------+
[    8.904808] cloud-init[956]: ci-info: | Route | Destination | Gateway  |    Genmask    | Interface | Flags |
[    8.906378] cloud-init[956]: ci-info: +-------+-------------+----------+---------------+-----------+-------+
[    8.908244] cloud-init[956]: ci-info: |   0   |   0.0.0.0   | 10.0.2.2 |    0.0.0.0    |   enp0s3  |   UG  |
[    8.910001] cloud-init[956]: ci-info: |   1   |   10.0.2.0  | 0.0.0.0  | 255.255.255.0 |   enp0s3  |   U   |
[    8.911927] cloud-init[956]: ci-info: +-------+-------------+----------+---------------+-----------+-------+
[    8.914144] cloud-init[956]: ci-info: +++++++++++++++++++Route IPv6 info+++++++++++++++++++
[    8.915661] cloud-init[956]: ci-info: +-------+-------------+---------+-----------+-------+
[    8.917836] cloud-init[956]: ci-info: | Route | Destination | Gateway | Interface | Flags |
[    8.919365] cloud-init[956]: ci-info: +-------+-------------+---------+-----------+-------+
[    8.920881] cloud-init[956]: ci-info: |   0   |  fe80::/64  |    ::   |   enp0s3  |   U   |
[    8.929030] cloud-init[956]: ci-info: |   3   |   ff00::/8  |    ::   |   enp0s3  |   U   |
[    8.929397] cloud-init[956]: ci-info: +-------+-------------+---------+-----------+-------+
[[0;32m  OK  [0m] Started Initial cloud-init job (metadata service crawler).
[[0;32m  OK  [0m] Reached target Network is Online.
[    8.929662] cloud-init[956]: Generating public/private rsa key pair.
[    8.944452] cloud-init[956]: Your identification has been saved in /etc/ssh/ssh_host_rsa_key.
[    8.947258] cloud-init[956]: Your public key has been saved in /etc/ssh/ssh_host_rsa_key.pub.
         Starting iSCSI initiator daemon (iscsid)...
[[0;32m  OK  [0m] Reached target System Initialization.
         Starting Socket activation for snappy daemon.
[[0;32m  OK  [0m] Listening on UUID daemon activation socket.
         Starting LXD - unix socket.
[    8.960839] cloud-init[956]: The key fingerprint is:
[    8.970383] cloud-init[956]: SHA256:AzT097oHOifsjk29QsUwbXj+NQnJAEGxZpq6oUx/XzI root@ubuntu-xenial
[    8.980273] cloud-init[956]: The key's randomart image is:
[    8.981143] cloud-init[956]: +---[RSA 2048]----+
[    8.988740] cloud-init[956]: |     .+.=*.o .   |
[    8.992176] [cloud-init[0;32m  OK  [0m[956]: ] |     . o+.+ +    |Listening on D-Bus System Message Bus Socket.

[    8.993679] cloud-init[956]: |      . =B.  . . |
[    9.001612] [[0;32m  OK  [0m] Started ACPI Events Check.
[[0;32m  OK  [0m] Reached target Paths.
cloud-init[[0;32m  OK  [0m] Started Daily Cleanup of Temporary Directories.
[[0;32m  OK  [0m] Started Daily apt download activities.
[[0;32m  OK  [0m] Started Daily apt upgrade and clean activities.
[[0;32m  OK  [0m] Listening on ACPID Listen Socket.
[956]: |       * .+.  +  |
[    9.012379] [[0;32m  OK  [0m] Started Message of the Day.
[[0;32m  OK  [0m] Reached target Timers.
cloud-init[956]: |      o S. ... . |
[    9.015842] cloud-init[956]: |     .  .o...    |
[[0;32m  OK  [0m] Reached target Cloud-config availability.
[    9.017310] cloud-init[956]: |  . o  oE.+.     |
[    9.032837] cloud-init[956]: | o o o.+*+.o.    |
[    9.040850] [[0;32m  OK  [0m] Listening on Socket activation for snappy daemon.
[[0;32m  OK  [0m] Listening on LXD - unix socket.
cloud-init[956]: |  o o..+==o.     |
[[0;32m  OK  [0m] Reached target Sockets.
[    9.044293] [[0;32m  OK  [0m] Reached target Basic System.
cloud-init[956]: +----[SHA256]-----+[[0;32m  OK  [0m] Started ACPI event daemon.

         Starting System Logging Service...
[    9.049277] cloud-init[956]: [[0;32m  OK  [0m] Started D-Bus System Message Bus.
Generating public/private dsa key pair.
[    9.058813] cloud-init[956]: Your identification has been saved in /etc/ssh/ssh_host_dsa_key.
[    9.061470] cloud-init[956]: Your public key has been saved in /etc/ssh/ssh_host_dsa_key.pub.
[    9.064664] cloud-init[956]: The key fingerprint is:
[    9.069247] cloud-init[956]: SHA256:oxAlSdByOdX3fxXoARaJr9MUkG3chssIRDZ5XMUIzZ0 root@ubuntu-xenial
[    9.071904] cloud-init[956]: The key's randomart image is:
[    9.074352] cloud-init[956]: +---[DSA 1024]----+
[    9.076537] cloud-init[956]: |  .+o+=*oo@=@.o  |
[    9.078340] cloud-init[956]: |  . *o.oo=o@ E . |
[    9.080789] cloud-init[956]: |   o..  o.=.= . .|
[    9.083821] cloud-init[956]: |     .   . =..  .|
[    9.086303] cloud-init[956]: |    .   S +  .  .|
[    9.087622] cloud-init[956]: |     . . + .  . .|
[    9.088730] cloud-init[956]: |      .   .    . |
[    9.090007] cloud-init[956]: |                 |
[    9.091275] cloud-init[956]: |                 |
[    9.092520] cloud-init[956]: +----[SHA256]-----+
[    9.100855]          Starting Pollinate to seed the pseudo random number generator...
[[0;32m  OK  [0m] Started Deferred execution scheduler.
cloud-init[956]: Generating public/private ecdsa key pair.
[[0;32m  OK  [0m] Started FUSE filesystem for LXC.
         Starting LSB: MD monitoring daemon...
         Starting LSB: Record successful boot for GRUB...
         Starting LXD - container startup/shutdown...
[[0;32m  OK  [0m] Started Regular background program processing daemon.
         Starting /etc/rc.local Compatibility...
[    9.106724]          Starting Login Service...
         Starting Accounts Service...
cloud-init[956]: Your identification has been saved in /etc/ssh/ssh_host_ecdsa_key.
[    9.135701]          Starting Virtualbox guest utils...
         Starting Snappy daemon...
[[0;32m  OK  [0m] Started System Logging Service.
[[0;32m  OK  [0m] Started iSCSI initiator daemon (iscsid).
[[0;32m  OK  [0m] Started /etc/rc.local Compatibility.
cloud-init[956]: Your public key has been saved in /etc/ssh/ssh_host_ecdsa_key.pub.         
Starting Login to default iSCSI targets...
[    9.147648] cloud-init[956]: The key fingerprint is:
[    9.157233] cloud-init[956]: SHA256:OC2lrawtQQ9a85Z16OAA9T65D1EohIduW4TCXB97q+w root@ubuntu-xenial
[    9.159624] cloud-init[956]: The key's randomart image is:
[    9.173095] cloud-init[956]: +---[ECDSA 256]---+
[[0;32m  OK  [0m] Started Login Service.
[    9.178352] [[0;32m  OK  [0m] Started Unattended Upgrades Shutdown.
[[0;32m  OK  [0m] Started Login to default iSCSI targets.
[[0;32m  OK  [0m] Reached target Remote File Systems (Pre).
[[0;32m  OK  [0m] Reached target Remote File Systems.
         Starting LSB: automatic crash report generation...
         Starting LSB: Set the CPU Frequency Scaling governor to "ondemand"...
         Starting LSB: daemon to balance interrupts for SMP systems...
         Starting Permit User Sessions...
[[0;32m  OK  [0m] Started Permit User Sessions.
         Starting Terminate Plymouth Boot Screen...
         Starting Hold until boot process finishes up...
cloud-init[956]: |o .*o.           |
[[0;32m  OK  [0m] Started Hold until boot process finishes up.
         Starting Set console scheme...
[[0;32m  OK  [0m] Started Getty on tty1.
[[0;32m  OK  [0m] Started Serial Getty on ttyS0.
[    9.240305] [[0;32m  OK  [0m] Reached target Login Prompts.
[[0;32m  OK  [0m] Started LSB: MD monitoring daemon.
[[0;32m  OK  [0m] Started Terminate Plymouth Boot Screen.
[[0;32m  OK  [0m] Started Set console scheme.
cloud-init[956]: |.o=.+.o.         |
[    9.252140] cloud-init[956]: | o +.oo.o.       |
[    9.258136] cloud-init[956]: |  o BooO+ .      |
[    9.268908] cloud-init[956]: | . * BX*S.       |
[[0;32m  OK  [0m] Started LSB: Record successful boot for GRUB.
[    9.289192] cloud-init[956]: |  o o.BB.        |
[[0;32m  OK  [0m] Started LSB: automatic crash report generation.
[    9.300932] cloud-init[956]: |     ==          |
[    9.319962] cloud-init[956]: |    oo o         |
[[0;32m  OK  [0m] Started LSB: daemon to balance interrupts for SMP systems.
[    9.330349] cloud-init[956]: |    .E. .        |
[[0;32m  OK  [0m] Started LSB: Set the CPU Frequency Scaling governor to "ondemand".
[    9.342274] cloud-init[956]: +----[SHA256]-----+
[    9.352653] cloud-init[956]: Generating public/private ed25519 key pair.
[    9.359780] cloud-init[956]: Your identification has been saved in /etc/ssh/ssh_host_ed25519_key.
[    9.375370]          Starting Authenticate and Authorize Users to Run Privileged Tasks...
cloud-init[956]: Your public key has been saved in /etc/ssh/ssh_host_ed25519_key.pub.
[    9.377947] [[0;32m  OK  [0m] Started LXD - container startup/shutdown.
cloud-init[956]: The key fingerprint is:
[    9.394225] cloud-init[956]: SHA256:WBugJ1jxeBlUAPAoL3TfyrrDryv9vjaYAQQbMj82Gb4 root@ubuntu-xenial
[    9.405447] cloud-init[956]: The key's randomart image is:
[[0;32m  OK  [0m] Started Virtualbox guest utils.
[    9.409773] cloud-init[956]: +--[ED25519 256]--+
[    9.412570] cloud-init[956]: |* o.++=o.        |
[    9.418091] cloud-init[956]: |.B B + +         |
[[0;32m  OK  [0m] Started Authenticate and Authorize Users to Run Privileged Tasks.
[    9.420470] cloud-init[956]: |+.X.= = o        |
[    9.424167] cloud-init[956]: |.=.+.+.o o       |
[    9.425918] cloud-init[956]: |. E  ...S        |
[[0;32m  OK  [0m] Started Accounts Service.
[    9.438068] cloud-init[956]: | . .. .          |
[    9.443888] cloud-init[956]: |  o +o           |
[    9.447221] cloud-init[956]: | . *.o           |
[    9.449274] cloud-init[956]: |  .=X=o          |
[    9.453192] cloud-init[956]: +----[SHA256]-----+
[[0;32m  OK  [0m] Started Snappy daemon.
         Starting Wait until snapd is fully seeded...

Ubuntu 16.04.6 LTS ubuntu-xenial ttyS0

ubuntu-xenial login: [   27.646629] cloud-init[1810]: Generating locales (this might take a while)...
[   28.461562] cloud-init[1810]:   en_US.UTF-8... done
[   28.461936] cloud-init[1810]: Generation complete.
[   28.705874] cloud-init[1810]: Cloud-init v. 19.4-33-gbb4131a2-0ubuntu1~16.04.1 running 'modules:config' at Tue, 18 Feb 2020 00:50:52 +0000. Up 27.56 seconds.
ci-info: no authorized SSH keys fingerprints found for user ubuntu.
<14>Feb 18 00:50:53 ec2: 
<14>Feb 18 00:50:53 ec2: #############################################################
<14>Feb 18 00:50:53 ec2: -----BEGIN SSH HOST KEY FINGERPRINTS-----
<14>Feb 18 00:50:53 ec2: 1024 SHA256:oxAlSdByOdX3fxXoARaJr9MUkG3chssIRDZ5XMUIzZ0 root@ubuntu-xenial (DSA)
<14>Feb 18 00:50:53 ec2: 256 SHA256:OC2lrawtQQ9a85Z16OAA9T65D1EohIduW4TCXB97q+w root@ubuntu-xenial (ECDSA)
<14>Feb 18 00:50:53 ec2: 256 SHA256:WBugJ1jxeBlUAPAoL3TfyrrDryv9vjaYAQQbMj82Gb4 root@ubuntu-xenial (ED25519)
<14>Feb 18 00:50:53 ec2: 2048 SHA256:AzT097oHOifsjk29QsUwbXj+NQnJAEGxZpq6oUx/XzI root@ubuntu-xenial (RSA)
<14>Feb 18 00:50:53 ec2: -----END SSH HOST KEY FINGERPRINTS-----
<14>Feb 18 00:50:53 ec2: #############################################################
-----BEGIN SSH HOST KEY KEYS-----
ecdsa-sha2-nistp256 AAAAE2VjZHNhLXNoYTItbmlzdHAyNTYAAAAIbmlzdHAyNTYAAABBBP12x7O0hIF7PCOoJs5V/dnVZwm7OOku306wg+UExbmfliX/VD3nncP7AekpyhcGoNcQldp5IojCozzfh/tKKBI= root@ubuntu-xenial
ssh-ed25519 AAAAC3NzaC1lZDI1NTE5AAAAILvRhOZcfO31Erq12K9H/sN48CiqnBzYhGnVw/ZJN5U4 root@ubuntu-xenial
ssh-rsa AAAAB3NzaC1yc2EAAAADAQABAAABAQDhKtEMYKGqFF4L7h6Yybxa/m92qIuHytAtQ7V1pwTIVdpu5fVNRE9vSazy9xcW8kpj7mCTQuMshqmJHC4l1Hph9HGPSuPUUZwXQZV2g5rYn9qe2JIm2zxLp3qMUlC3rccI6d5H8EUFOj8W13hDIAAJWoUbxtRCoHxGBKfne7NEg6+XSW64zhkeyenKnkv7+h7+9bR83UDASP8RaTEWkVkC2t75UOyxWKxjcgnHSBgiPn524ZkbMDgPCKPA4guyblML8iTpk9JbeZcOHgiaNlKXVKvdvQXlufJqhbPvTWcWhpY3dKljJt9vUASaJsd6w4Lo7INmLLaURhPBqJtB0SmJ root@ubuntu-xenial
-----END SSH HOST KEY KEYS-----
[   29.151562] cloud-init[1851]: Cloud-init v. 19.4-33-gbb4131a2-0ubuntu1~16.04.1 running 'modules:final' at Tue, 18 Feb 2020 00:50:53 +0000. Up 29.02 seconds.
[   29.154357] cloud-init[1851]: ci-info: no authorized SSH keys fingerprints found for user ubuntu.
[   29.155654] cloud-init[1851]: Cloud-init v. 19.4-33-gbb4131a2-0ubuntu1~16.04.1 finished at Tue, 18 Feb 2020 00:50:53 +0000. Datasource DataSourceNoCloud [seed=/dev/sdb][dsmode=net].  Up 29.13 seconds
